[1;36m[e2e 09:34:28][0m Reaping stray processes from prior runs...
Reaping PIDs: 1613722
1616270
[1;36m[e2e 09:34:28][0m === E2E Test Configuration ===
Base Image (OSTree):   ghcr.io/projectbluefin/bluefin:stable
Target Image (Cfs):    ghcr.io/projectbluefin/dakota:stable
Disk Size:             20G
Workspace:             /var/home/james/dev/ostree-composefs-rebase
[1;36m[e2e 09:34:28][0m === Preflight checks ===
Using UEFI firmware:   /sysroot/state/os/default/var/home/james/.local/share/containers/storage/overlay/733cb0c247aa882228fe836e61e10e1db0e3ca41c6039fd1e821f282fdb96c92/diff/usr/share/OVMF/OVMF_CODE_4M.fd
Using UEFI VARS:       /sysroot/state/os/default/var/home/james/.local/share/containers/storage/overlay/733cb0c247aa882228fe836e61e10e1db0e3ca41c6039fd1e821f282fdb96c92/diff/usr/share/OVMF/OVMF_VARS_4M.fd
[1;36m[e2e 09:34:51][0m === Building migration utility ===
   Compiling ostree-composefs-rebase v0.1.0 (/var/home/james/dev/ostree-composefs-rebase)
    Finished `dev` profile [unoptimized + debuginfo] target(s) in 1.38s
[1;36m[e2e 09:34:52][0m === Generating SSH test key ===
Generating public/private rsa key pair.
Your identification has been saved in ./test_key
Your public key has been saved in ./test_key.pub
The key fingerprint is:
SHA256:BzCR7416fVWh+CppFrbvWXmcDr+gHddnfug2o2aee/s root@himachal
The key's randomart image is:
+---[RSA 3072]----+
|      +o         |
|      .o       . |
|       ..   . . .|
|        .. . .  .|
|       .So. .  . |
|        o+.  .+ o|
|       ...+ .B *+|
|      . .*..O.#oo|
|       .o +X=BoOE|
+----[SHA256]-----+
[1;36m[e2e 09:34:52][0m === Preparing bootable image with sshd ===
Building modified image with sshd enabled...
STEP 1/6: FROM ghcr.io/projectbluefin/bluefin:stable
STEP 2/6: RUN mkdir -p /usr/lib/systemd/system-preset &&     echo 'enable sshd.service' > /usr/lib/systemd/system-preset/50-e2e-ssh.preset &&     echo 'enable sshd.socket' >> /usr/lib/systemd/system-preset/50-e2e-ssh.preset
--> Using cache e70e5bb147d3b5046b9600aa0506267aee982272d0fecaca291f36f91e3afc3f
--> e70e5bb147d3
STEP 3/6: RUN systemctl enable sshd.service && systemctl enable sshd.socket || true
--> Using cache afbdcef5c48bae9d52117bc910ccaa1f76e1fc55cb9927f8b25b5e328f452581
--> afbdcef5c48b
STEP 4/6: RUN mkdir -p /usr/lib/systemd/system/multi-user.target.wants &&     ln -sf /usr/lib/systemd/system/sshd.service            /usr/lib/systemd/system/multi-user.target.wants/sshd.service
--> Using cache 54acbae77dcf57e7724733bfae27fcbba8b24800e3f97f77945120e23766c050
--> 54acbae77dcf
STEP 5/6: RUN echo 'PermitRootLogin yes' >> /etc/ssh/sshd_config &&     echo 'PasswordAuthentication no' >> /etc/ssh/sshd_config
--> Using cache 76334e648edbdc8b4c3edaa904789b87c3d350d06fcb341dd3c0e7d71dc953e1
--> 76334e648edb
STEP 6/6: RUN mkdir -p /etc/systemd/system &&     printf '%s\n'         '[Unit]'         'Description=E2E SSH TCP Socket (port 22)'         '[Socket]'         'ListenStream=22'         'Accept=yes'         '[Install]'         'WantedBy=sockets.target'         > /etc/systemd/system/e2e-sshd.socket &&     printf '%s\n'         '[Unit]'         'Description=E2E SSH per-connection service'         '[Service]'         'ExecStart=-/usr/bin/sshd -d -i 2>/dev/console'         'StandardInput=socket'         > /etc/systemd/system/e2e-sshd@.service &&     mkdir -p /etc/systemd/system/sockets.target.wants &&     ln -sf /etc/systemd/system/e2e-sshd.socket            /etc/systemd/system/sockets.target.wants/e2e-sshd.socket
--> Using cache 38c874581b0b71e3b642acede468ddfc56a9eaa4d18b44bf2aec0d4afb3afb9c
COMMIT localhost/e2e-bluefin-ssh:latest
--> 38c874581b0b
Successfully tagged localhost/e2e-bluefin-ssh:latest
38c874581b0b71e3b642acede468ddfc56a9eaa4d18b44bf2aec0d4afb3afb9c
Using install image: localhost/e2e-bluefin-ssh:latest
[1;36m[e2e 09:34:53][0m === Creating disk image ===
Setting up loopback device...
Mounted loopback device: /dev/loop5
Installing base OSTree bootc system to disk image...
Installing image: docker://localhost/e2e-bluefin-ssh:latest
Digest: sha256:dba9dc1c9d85f2efa1d6b50cada116e9659c3fab8acbe2ec5836166f76995fc3
Block setup: direct
       Size: 21474836480
     Serial: <unknown>
      Model: <unknown>
 Partitions: UUID
Checking that no-one is using this disk right now ... OK

Disk /dev/loop5: 20 GiB, 21474836480 bytes, 41943040 sectors
Units: sectors of 1 * 512 = 512 bytes
Sector size (logical/physical): 512 bytes / 512 bytes
I/O size (minimum/optimal): 512 bytes / 512 bytes

>>> Script header accepted.
>>> Script header accepted.
>>> Created a new GPT disklabel (GUID: 4F223B6E-BFFE-4105-9CEF-7CD60D2478A4).
/dev/loop5p1: Created a new partition 1 of type 'BIOS boot' and of size 1 MiB.
/dev/loop5p2: Created a new partition 2 of type 'EFI System' and of size 512 MiB.
/dev/loop5p3: Created a new partition 3 of type 'Linux root (x86-64)' and of size 19.5 GiB.
/dev/loop5p4: Done.

New situation:
Disklabel type: gpt
Disk identifier: 4F223B6E-BFFE-4105-9CEF-7CD60D2478A4

Device         Start      End  Sectors  Size Type
/dev/loop5p1    2048     4095     2048    1M BIOS boot
/dev/loop5p2    4096  1052671  1048576  512M EFI System
/dev/loop5p3 1052672 41940991 40888320 19.5G Linux root (x86-64)

The partition table has been altered.
Calling ioctl() to re-read partition table.
Syncing disks.
Creating root filesystem (btrfs) on device /dev/loop5p3 (size=20.9 GB)
> mkfs.btrfs -U 0a4d7922-358c-4843-af66-41333a82d5f4 -L root /dev/loop5p3
Creating ESP filesystem
> mkfs.fat /dev/loop5p2 -n EFI-SYSTEM
Initializing ostree layout
layers already present: 0; layers needed: 268 (9.0 GB)
Deploying container image...done (18 seconds)
Injected: etc/tmpfiles.d/bootc-root-ssh.conf
Bootloader: grub
Installing bootloader via bootupd
Added 01_users.cfg
Added 10_blscfg.cfg
Added 14_menu_show_once.cfg
Added 30_uefi-firmware.cfg
Added 41_custom.cfg
Installed: grub.cfg
Installed: bootuuid.cfg
Installed: "fedora/grub.cfg"
Installed: "fedora/bootuuid.cfg"
Trimming root
.: 11.6 GiB (12443230208 bytes) trimmed
Finalizing filesystem root
Unmounting filesystems
Installation complete!
Cycling loop device to refresh partitions...
Re-attached loop device: /dev/loop5
[1;36m[e2e 09:36:43][0m === Injecting SSH credentials to disk image ===
[1;36m[e2e 09:36:44][0m === Writing migration test fixtures ===
Test fixtures written.
[1;36m[e2e 09:36:44][0m === Patching BLS entries for serial console visibility ===
Found BLS entries at /tmp/mnt-e2e-boot/boot/loader/entries (on /dev/loop5p3)
  patched: ostree-1.conf
Patched 1 BLS entries with serial console kernel args.
Disk image initialized and customized.
[1;36m[e2e 09:36:44][0m === Booting VM under QEMU ===
KVM acceleration enabled; CPU=host.
Waiting for VM to boot and SSH to become available on port 2222...
[vm-serial] GRUB version 2.12
[vm-serial]       a command-line. ESC to return previous menu.                                             *Bluefin (Version: testing-44.20260612.2) (ostree:0)                                             UEFI Firmware Settings                                                                                                                                                                                                                                                                                                                                                                                                                                                                                                                                                                                                                                                                                                                                                                                                                                                                                                                                                                                                                                                                                                                                                                                                                                                                                                                                                                                                                                                                                                                                                                                                                                                                                                                                                                             The highlighted entry will be executed automatically in 1s.                                        The highlighted entry will be executed automatically in 0s.                                       Booting `Bluefin (Version: testing-44.20260612.2) (ostree:0)'
[vm-serial] [    0.011866] Booting paravirtualized kernel on KVM
[vm-serial] [    0.242069] smpboot: x86: Booting SMP configuration:
[vm-serial] [    0.472939] simple-framebuffer simple-framebuffer.0: [drm] Registered 1 planes with drm panic
[vm-serial] bochs-drm 0000:00:01.0: [drm] Registered 1 planes with drm panic
[vm-serial] Welcome to Bluefin (Version: testing-44.20260612.2)!
[vm-serial] [  OK  ] Created slice system-sshd\x2dkeygen.slice - Slice /system/sshd-keygen.
[vm-serial] systemd[1]: Created slice system-sshd\x2dkeygen.slice - Slice /system/sshd-keygen.
[vm-serial] systemd[1]: systemd-boot-clear-sysfail.service - Clear SysFail Entry If The Boot Is Successful skipped, unmet condition check ConditionPathExists=/sys/firmware/efi/efivars/LoaderEntrySysFail-4a67b082-0a4c-41cf-b6c7-440b29bb8c4f
[vm-serial] [  OK  ] Listening on systemd-bootctl.socket - Boot Entries Service Socket.
[vm-serial] [  OK  ] Listening on dbus.socket - D-Bus System Message Bus Socket.
[vm-serial] [  OK  ] Listening on e2e-sshd.socket - E2E SSH TCP Socket (port 22).
[vm-serial] [  OK  ] Listening on sshd-unix-local.socket - OpenSSH Server Socket (systemd-ssh-generator, AF_UNIX Local).
[vm-serial]          Starting sshd-vsock.socket - OpenSSH Server Socket (systemd-ssh-generator, AF_VSOCK)...
[vm-serial] [  OK  ] Listening on systemd-logind-varlink.socket - User Login Management Varlink Socket.
[vm-serial]          Starting dbus-broker.service - D-Bus System Message Bus...
[vm-serial] [  OK  ] Listening on sshd-vsock.socket - OpenSSH Server Socket (systemd-ssh-generator, AF_VSOCK).
[vm-serial] [  OK  ] Started dbus-broker.service - D-Bus System Message Bus.
[vm-serial]          Starting polkit.service - Authorization Manager...
[vm-serial]          Starting sshd-keygen@ecdsa.service - OpenSSH ecdsa Server Key Generation...
[vm-serial]          Starting sshd-keygen@ed25519.service - OpenSSH ed25519 Server Key Generation...
[vm-serial]          Starting sshd-keygen@rsa.service - OpenSSH rsa Server Key Generation...
[vm-serial] [  OK  ] Finished sshd-keygen@ecdsa.service - OpenSSH ecdsa Server Key Generation.
[vm-serial] [  OK  ] Finished sshd-keygen@ed25519.service - OpenSSH ed25519 Server Key Generation.
[vm-serial] [  OK  ] Finished sshd-keygen@rsa.service - OpenSSH rsa Server Key Generation.
[vm-serial] [  OK  ] Reached target sshd-keygen.target.
[vm-serial]          Starting systemd-logind.service - User Login Management...
[vm-serial] [  OK  ] Started systemd-logind.service - User Login Management.
[vm-serial] [  OK  ] Started polkit.service - Authorization Manager.
[1;36m[e2e 09:37:02][0m still waiting for SSH (18s elapsed, attempt 5/60)
[vm-serial] Bluefin (Version: testing-44.20260612.2)
[1;36m[e2e 09:37:18][0m still waiting for SSH (34s elapsed, attempt 10/60)
[1;36m[e2e 09:37:33][0m still waiting for SSH (49s elapsed, attempt 15/60)
[1;36m[e2e 09:37:48][0m still waiting for SSH (64s elapsed, attempt 20/60)
[1;36m[e2e 09:38:03][0m still waiting for SSH (79s elapsed, attempt 25/60)
[1;36m[e2e 09:38:18][0m still waiting for SSH (94s elapsed, attempt 30/60)
[1;36m[e2e 09:38:33][0m still waiting for SSH (109s elapsed, attempt 35/60)
[1;36m[e2e 09:38:49][0m still waiting for SSH (125s elapsed, attempt 40/60)
[1;36m[e2e 09:39:04][0m still waiting for SSH (140s elapsed, attempt 45/60)
[1;36m[e2e 09:39:19][0m still waiting for SSH (155s elapsed, attempt 50/60)
[1;36m[e2e 09:39:34][0m still waiting for SSH (170s elapsed, attempt 55/60)
[1;36m[e2e 09:39:49][0m still waiting for SSH (185s elapsed, attempt 60/60)
ERROR: VM did not become accessible via SSH within time limits.
[1;36m[e2e 09:39:52][0m === QEMU logs ===
[2J[01;01H[=3h[2J[01;01H[2J[01;01H[=3h[2J[01;01H[2J[01;01H[=3h[2J[01;01HBdsDxe: loading Boot0001 "UEFI Misc Device" from PciRoot(0x0)/Pci(0x3,0x0)
BdsDxe: starting Boot0001 "UEFI Misc Device" from PciRoot(0x0)/Pci(0x3,0x0)
[0m[30m[40m[2J[01;01H[0m[37m[40m[02;42HGRUB version 2.12

[04;02H┌────────────────────────────────────────────────────────────────────────────────────────────────┐[05;02H││[06;02H││[07;02H││[08;02H││[09;02H││[10;02H││[11;02H││[12;02H││[13;02H││[14;02H││[15;02H││[16;02H││[17;02H││[18;02H││[19;02H││[20;02H││[21;02H││[22;02H││[23;02H││[24;02H└────────────────────────────────────────────────────────────────────────────────────────────────┘[25;02H[26;02H     Use the ▲ and ▼ keys to select which entry is highlighted.                              
      Press enter to boot the selected OS, `e' to edit the commands before booting or `c' for 
      a command-line. ESC to return previous menu.                                             [0m[30m[47m[05;03H*Bluefin (Version: testing-44.20260612.2) (ostree:0)                                            [0m[37m[40m[06;03H UEFI Firmware Settings                                                                         [07;03H                                                                                                [08;03H                                                                                                [09;03H                                                                                                [10;03H                                                                                                [11;03H                                                                                                [12;03H                                                                                                [13;03H                                                                                                [14;03H                                                                                                [15;03H                                                                                                [16;03H                                                                                                [17;03H                                                                                                [18;03H                                                                                                [19;03H                                                                                                [20;03H                                                                                                [21;03H                                                                                                [22;03H                                                                                                [23;03H                                                                                                 [29;01H   The highlighted entry will be executed automatically in 1s.                                     [29;01H   The highlighted entry will be executed automatically in 0s.                                     [0m[30m[40m[2J[01;01H[0m[37m[40m[0m[30m[40m[2J[01;01H[0m[37m[40m  Booting `Bluefin (Version: testing-44.20260612.2) (ostree:0)'

[    0.000000] Linux version 7.0.12-201.fc44.x86_64 (mockbuild@123ace7f6f514f9d982d88c1db4a8de8) (gcc (GCC) 16.1.1 20260515 (Red Hat 16.1.1-2), GNU ld version 2.46-3.fc44) #1 SMP PREEMPT_DYNAMIC Thu Jun 11 01:30:16 UTC 2026
[    0.000000] Command line: BOOT_IMAGE=(hd0,gpt3)/boot/ostree/default-c39c46be95dea8dd59c8a610ec731d6c1345c64772a1a2e10c41ce343925ec42/vmlinuz-7.0.12-201.fc44.x86_64 root=UUID=0a4d7922-358c-4843-af66-41333a82d5f4 rw ostree=/ostree/boot.1/default/c39c46be95dea8dd59c8a610ec731d6c1345c64772a1a2e10c41ce343925ec42/0 console=ttyS0,115200n8 console=tty0 systemd.log_level=info
[    0.000000] x86/split lock detection: #DB: warning on user-space bus_locks
[    0.000000] BIOS-provided physical RAM map:
[    0.000000] BIOS-e820: [mem 0x0000000000000000-0x000000000009ffff]  System RAM
[    0.000000] BIOS-e820: [gap 0x00000000000a0000-0x00000000000fffff]
[    0.000000] BIOS-e820: [mem 0x0000000000100000-0x00000000007fffff]  System RAM
[    0.000000] BIOS-e820: [mem 0x0000000000800000-0x0000000000807fff]  ACPI NVS
[    0.000000] BIOS-e820: [mem 0x0000000000808000-0x000000000080afff]  System RAM
[    0.000000] BIOS-e820: [mem 0x000000000080b000-0x000000000080bfff]  ACPI NVS
[    0.000000] BIOS-e820: [mem 0x000000000080c000-0x0000000000810fff]  System RAM
[    0.000000] BIOS-e820: [mem 0x0000000000811000-0x00000000008fffff]  ACPI NVS
[    0.000000] BIOS-e820: [mem 0x0000000000900000-0x000000007ed3efff]  System RAM
[    0.000000] BIOS-e820: [mem 0x000000007ed3f000-0x000000007edfffff]  device reserved
[    0.000000] BIOS-e820: [mem 0x000000007ee00000-0x000000007f8ecfff]  System RAM
[    0.000000] BIOS-e820: [mem 0x000000007f8ed000-0x000000007fb6cfff]  device reserved
[    0.000000] BIOS-e820: [mem 0x000000007fb6d000-0x000000007fb7efff]  ACPI data
[    0.000000] BIOS-e820: [mem 0x000000007fb7f000-0x000000007fbfefff]  ACPI NVS
[    0.000000] BIOS-e820: [mem 0x000000007fbff000-0x000000007feb1fff]  System RAM
[    0.000000] BIOS-e820: [mem 0x000000007feb2000-0x000000007feb5fff]  device reserved
[    0.000000] BIOS-e820: [mem 0x000000007feb6000-0x000000007feb7fff]  ACPI NVS
[    0.000000] BIOS-e820: [mem 0x000000007feb8000-0x000000007feebfff]  System RAM
[    0.000000] BIOS-e820: [mem 0x000000007feec000-0x000000007ff6ffff]  device reserved
[    0.000000] BIOS-e820: [mem 0x000000007ff70000-0x000000007fffffff]  ACPI NVS
[    0.000000] BIOS-e820: [gap 0x0000000080000000-0x00000000dfffffff]
[    0.000000] BIOS-e820: [mem 0x00000000e0000000-0x00000000efffffff]  device reserved
[    0.000000] BIOS-e820: [gap 0x00000000f0000000-0x00000000feffbfff]
[    0.000000] BIOS-e820: [mem 0x00000000feffc000-0x00000000feffffff]  device reserved
[    0.000000] BIOS-e820: [gap 0x00000000ff000000-0x00000000ffffffff]
[    0.000000] BIOS-e820: [mem 0x0000000100000000-0x000000017fffffff]  System RAM
[    0.000000] NX (Execute Disable) protection: active
[    0.000000] APIC: Static calls initialized
[    0.000000] efi: EFI v2.7 by Debian distribution of EDK II
[    0.000000] efi: SMBIOS=0x7f988000 ACPI=0x7fb7e000 ACPI 2.0=0x7fb7e014 MEMATTR=0x7e0e3018 MOKvar=0x7f981000 RNG=0x7fb73018 
[    0.000000] random: crng init done
[    0.000000] secureboot: Secure boot disabled
[    0.000000] SMBIOS 2.8 present.
[    0.000000] DMI: QEMU Standard PC (Q35 + ICH9, 2009), BIOS 2025.02-8 05/13/2025
[    0.000000] DMI: Memory slots populated: 1/1
[    0.000000] Hypervisor detected: KVM
[    0.000000] last_pfn = 0x7feec max_arch_pfn = 0x400000000
[    0.000000] kvm-clock: Using msrs 4b564d01 and 4b564d00
[    0.000001] kvm-clock: using sched offset of 2773006212 cycles
[    0.000003] clocksource: kvm-clock: mask: 0xffffffffffffffff max_cycles: 0x1cd42e4dffb, max_idle_ns: 881590591483 ns
[    0.000006] tsc: Detected 2995.200 MHz processor
[    0.000073] last_pfn = 0x180000 max_arch_pfn = 0x400000000
[    0.000094] MTRR map: 4 entries (2 fixed + 2 variable; max 18), built from 8 variable MTRRs
[    0.000096] x86/PAT: Configuration [0-7]: WB  WC  UC- UC  WB  WP  UC- WT  
[    0.000123] last_pfn = 0x7feec max_arch_pfn = 0x400000000
[    0.010857] Using GB pages for direct mapping
[    0.011113] secureboot: Secure boot disabled
[    0.011115] RAMDISK: [mem 0x6621e000-0x74bedfff]
[    0.011120] ACPI: Early table checksum verification disabled
[    0.011124] ACPI: RSDP 0x000000007FB7E014 000024 (v02 BOCHS )
[    0.011128] ACPI: XSDT 0x000000007FB7D0E8 000054 (v01 BOCHS  BXPC     00000001      01000013)
[    0.011134] ACPI: FACP 0x000000007FB79000 0000F4 (v03 BOCHS  BXPC     00000001 BXPC 00000001)
[    0.011142] ACPI: DSDT 0x000000007FB7A000 002160 (v01 BOCHS  BXPC     00000001 BXPC 00000001)
[    0.011146] ACPI: FACS 0x000000007FBDD000 000040
[    0.011149] ACPI: APIC 0x000000007FB78000 000080 (v03 BOCHS  BXPC     00000001 BXPC 00000001)
[    0.011152] ACPI: HPET 0x000000007FB77000 000038 (v01 BOCHS  BXPC     00000001 BXPC 00000001)
[    0.011156] ACPI: MCFG 0x000000007FB76000 00003C (v01 BOCHS  BXPC     00000001 BXPC 00000001)
[    0.011160] ACPI: WAET 0x000000007FB75000 000028 (v01 BOCHS  BXPC     00000001 BXPC 00000001)
[    0.011163] ACPI: BGRT 0x000000007FB74000 000038 (v01 INTEL  EDK2     00000002      01000013)
[    0.011164] ACPI: Reserving FACP table memory at [mem 0x7fb79000-0x7fb790f3]
[    0.011166] ACPI: Reserving DSDT table memory at [mem 0x7fb7a000-0x7fb7c15f]
[    0.011167] ACPI: Reserving FACS table memory at [mem 0x7fbdd000-0x7fbdd03f]
[    0.011167] ACPI: Reserving APIC table memory at [mem 0x7fb78000-0x7fb7807f]
[    0.011168] ACPI: Reserving HPET table memory at [mem 0x7fb77000-0x7fb77037]
[    0.011168] ACPI: Reserving MCFG table memory at [mem 0x7fb76000-0x7fb7603b]
[    0.011169] ACPI: Reserving WAET table memory at [mem 0x7fb75000-0x7fb75027]
[    0.011170] ACPI: Reserving BGRT table memory at [mem 0x7fb74000-0x7fb74037]
[    0.011363] No NUMA configuration found
[    0.011364] Faking a node at [mem 0x0000000000000000-0x000000017fffffff]
[    0.011370] NODE_DATA(0) allocated [mem 0x17ffd5280-0x17fffffff]
[    0.011743] ACPI: PM-Timer IO Port: 0x608
[    0.011753] ACPI: LAPIC_NMI (acpi_id[0xff] dfl dfl lint[0x1])
[    0.011776] IOAPIC[0]: apic_id 0, version 17, address 0xfec00000, GSI 0-23
[    0.011778] ACPI: INT_SRC_OVR (bus 0 bus_irq 0 global_irq 2 dfl dfl)
[    0.011780] ACPI: INT_SRC_OVR (bus 0 bus_irq 5 global_irq 5 high level)
[    0.011781] ACPI: INT_SRC_OVR (bus 0 bus_irq 9 global_irq 9 high level)
[    0.011781] ACPI: INT_SRC_OVR (bus 0 bus_irq 10 global_irq 10 high level)
[    0.011782] ACPI: INT_SRC_OVR (bus 0 bus_irq 11 global_irq 11 high level)
[    0.011785] ACPI: Using ACPI (MADT) for SMP configuration information
[    0.011786] ACPI: HPET id: 0x8086a201 base: 0xfed00000
[    0.011808] TSC deadline timer available
[    0.011810] CPU topo: Max. logical packages:   1
[    0.011810] CPU topo: Max. logical nodes:      1
[    0.011811] CPU topo: Num. nodes per package:  1
[    0.011812] CPU topo: Max. logical dies:       1
[    0.011812] CPU topo: Max. dies per package:   1
[    0.011814] CPU topo: Max. threads per core:   1
[    0.011815] CPU topo: Num. cores per package:     2
[    0.011815] CPU topo: Num. threads per package:   2
[    0.011815] CPU topo: Allowing 2 present CPUs plus 0 hotplug CPUs
[    0.011829] kvm-guest: APIC: eoi() replaced with kvm_guest_apic_eoi_write()
[    0.011839] kvm-guest: KVM setup pv remote TLB flush
[    0.011842] kvm-guest: setup PV sched yield
[    0.011855] PM: hibernation: Registered nosave memory: [mem 0x00000000-0x00000fff]
[    0.011857] PM: hibernation: Registered nosave memory: [mem 0x000a0000-0x000fffff]
[    0.011858] PM: hibernation: Registered nosave memory: [mem 0x00800000-0x00807fff]
[    0.011859] PM: hibernation: Registered nosave memory: [mem 0x0080b000-0x0080bfff]
[    0.011860] PM: hibernation: Registered nosave memory: [mem 0x00811000-0x008fffff]
[    0.011860] PM: hibernation: Registered nosave memory: [mem 0x7e11b000-0x7e123fff]
[    0.011861] PM: hibernation: Registered nosave memory: [mem 0x7ed3f000-0x7edfffff]
[    0.011862] PM: hibernation: Registered nosave memory: [mem 0x7f8ed000-0x7fbfefff]
[    0.011863] PM: hibernation: Registered nosave memory: [mem 0x7feb2000-0x7feb7fff]
[    0.011864] PM: hibernation: Registered nosave memory: [mem 0x7feec000-0xffffffff]
[    0.011865] [gap 0x80000000-0xdfffffff] available for PCI devices
[    0.011866] Booting paravirtualized kernel on KVM
[    0.011867] clocksource: refined-jiffies: mask: 0xffffffff max_cycles: 0xffffffff, max_idle_ns: 1910969940391419 ns
[    0.017447] Zone ranges:
[    0.017449]   DMA      [mem 0x0000000000001000-0x0000000000ffffff]
[    0.017451]   DMA32    [mem 0x0000000001000000-0x00000000ffffffff]
[    0.017452]   Normal   [mem 0x0000000100000000-0x000000017fffffff]
[    0.017453]   Device   empty
[    0.017453] Movable zone start for each node
[    0.017454] Early memory node ranges
[    0.017455]   node   0: [mem 0x0000000000001000-0x000000000009ffff]
[    0.017456]   node   0: [mem 0x0000000000100000-0x00000000007fffff]
[    0.017456]   node   0: [mem 0x0000000000808000-0x000000000080afff]
[    0.017457]   node   0: [mem 0x000000000080c000-0x0000000000810fff]
[    0.017457]   node   0: [mem 0x0000000000900000-0x000000007ed3efff]
[    0.017457]   node   0: [mem 0x000000007ee00000-0x000000007f8ecfff]
[    0.017458]   node   0: [mem 0x000000007fbff000-0x000000007feb1fff]
[    0.017458]   node   0: [mem 0x000000007feb8000-0x000000007feebfff]
[    0.017459]   node   0: [mem 0x0000000100000000-0x000000017fffffff]
[    0.017460] Initmem setup node 0 [mem 0x0000000000001000-0x000000017fffffff]
[    0.017473] On node 0, zone DMA: 1 pages in unavailable ranges
[    0.017521] On node 0, zone DMA: 96 pages in unavailable ranges
[    0.017523] On node 0, zone DMA: 8 pages in unavailable ranges
[    0.017524] On node 0, zone DMA: 1 pages in unavailable ranges
[    0.017572] On node 0, zone DMA: 239 pages in unavailable ranges
[    0.030564] On node 0, zone DMA32: 193 pages in unavailable ranges
[    0.030609] On node 0, zone DMA32: 786 pages in unavailable ranges
[    0.030611] On node 0, zone DMA32: 6 pages in unavailable ranges
[    0.043955] On node 0, zone Normal: 276 pages in unavailable ranges
[    0.043976] setup_percpu: NR_CPUS:8192 nr_cpumask_bits:2 nr_cpu_ids:2 nr_node_ids:1
[    0.044815] percpu: Embedded 84 pages/cpu s221184 r8192 d114688 u1048576
[    0.044862] kvm-guest: PV spinlocks enabled
[    0.044865] PV qspinlock hash table entries: 256 (order: 0, 4096 bytes, linear)
[    0.044868] Kernel command line: BOOT_IMAGE=(hd0,gpt3)/boot/ostree/default-c39c46be95dea8dd59c8a610ec731d6c1345c64772a1a2e10c41ce343925ec42/vmlinuz-7.0.12-201.fc44.x86_64 root=UUID=0a4d7922-358c-4843-af66-41333a82d5f4 rw ostree=/ostree/boot.1/default/c39c46be95dea8dd59c8a610ec731d6c1345c64772a1a2e10c41ce343925ec42/0 console=ttyS0,115200n8 console=tty0 systemd.log_level=info
[    0.044933] Unknown kernel command line parameters "ostree=/ostree/boot.1/default/c39c46be95dea8dd59c8a610ec731d6c1345c64772a1a2e10c41ce343925ec42/0", will be passed to user space.
[    0.044945] printk: log buffer data + meta data: 262144 + 1114112 = 1376256 bytes
[    0.046518] Dentry cache hash table entries: 524288 (order: 10, 4194304 bytes, linear)
[    0.047334] Inode-cache hash table entries: 262144 (order: 9, 2097152 bytes, linear)
[    0.047401] software IO TLB: area num 2.
[    0.066249] Fallback order for Node 0: 0 
[    0.066257] Built 1 zonelists, mobility grouping on.  Total pages: 1046970
[    0.066258] Policy zone: Normal
[    0.067217] mem auto-init: stack:all(zero), heap alloc:on, heap free:off
[    0.073904] SLUB: HWalign=64, Order=0-3, MinObjects=0, CPUs=2, Nodes=1
[    0.084124] ftrace: allocating 63961 entries in 252 pages
[    0.084127] ftrace: allocated 252 pages with 6 groups
[    0.084851] Dynamic Preempt: lazy
[    0.084939] rcu: Preemptible hierarchical RCU implementation.
[    0.084939] rcu: 	RCU event tracing is enabled.
[    0.084940] rcu: 	RCU restricting CPUs from NR_CPUS=8192 to nr_cpu_ids=2.
[    0.084941] 	Trampoline variant of Tasks RCU enabled.
[    0.084942] 	Rude variant of Tasks RCU enabled.
[    0.084942] 	Tracing variant of Tasks RCU enabled.
[    0.084943] rcu: RCU calculated value of scheduler-enlistment delay is 100 jiffies.
[    0.084943] rcu: Adjusting geometry for rcu_fanout_leaf=16, nr_cpu_ids=2
[    0.084960] RCU Tasks: Setting shift to 1 and lim to 1 rcu_task_cb_adjust=1 rcu_task_cpu_ids=2.
[    0.084962] RCU Tasks Rude: Setting shift to 1 and lim to 1 rcu_task_cb_adjust=1 rcu_task_cpu_ids=2.
[    0.088824] NR_IRQS: 524544, nr_irqs: 440, preallocated irqs: 16
[    0.089076] rcu: srcu_init: Setting srcu_struct sizes based on contention.
[    0.089219] kfence: initialized - using 2097152 bytes for 255 objects at 0x(____ptrval____)-0x(____ptrval____)
[    0.089319] Console: colour dummy device 80x25
[    0.089322] printk: legacy console [tty0] enabled
[    0.089533] printk: legacy console [ttyS0] enabled
[    0.190220] ACPI: Core revision 20251212
[    0.190762] clocksource: hpet: mask: 0xffffffff max_cycles: 0xffffffff, max_idle_ns: 19112604467 ns
[    0.191738] APIC: Switch to symmetric I/O mode setup
[    0.192319] x2apic enabled
[    0.192750] APIC: Switched APIC routing to: physical x2apic
[    0.193280] kvm-guest: APIC: send_IPI_mask() replaced with kvm_send_ipi_mask()
[    0.193972] kvm-guest: APIC: send_IPI_mask_allbutself() replaced with kvm_send_ipi_mask_allbutself()
[    0.194814] kvm-guest: setup PV IPIs
[    0.195769] ..TIMER: vector=0x30 apic1=0 pin1=2 apic2=-1 pin2=-1
[    0.196338] clocksource: tsc-early: mask: 0xffffffffffffffff max_cycles: 0x2b2c8ec87c7, max_idle_ns: 440795278598 ns
[    0.197385] Calibrating delay loop (skipped) preset value.. 5990.40 BogoMIPS (lpj=2995200)
[    0.198494] x86/cpu: User Mode Instruction Prevention (UMIP) activated
[    0.199469] CET detected: Indirect Branch Tracking enabled
[    0.200017] Last level iTLB entries: 4KB 0, 2MB 0, 4MB 0
[    0.200382] Last level dTLB entries: 4KB 0, 2MB 0, 4MB 0, 1GB 0
[    0.201392] mitigations: Enabled attack vectors: user_kernel, user_user, guest_host, guest_guest, SMT mitigations: auto
[    0.202383] Speculative Store Bypass: Mitigation: Speculative Store Bypass disabled via prctl
[    0.203214] Spectre V2 : Mitigation: Enhanced / Automatic IBRS
[    0.203383] Spectre V1 : Mitigation: usercopy/swapgs barriers and __user pointer sanitization
[    0.204385] Spectre V2 : mitigation: Enabling conditional Indirect Branch Prediction Barrier
[    0.205399] x86/fpu: Supporting XSAVE feature 0x001: 'x87 floating point registers'
[    0.206140] x86/fpu: Supporting XSAVE feature 0x002: 'SSE registers'
[    0.206382] x86/fpu: Supporting XSAVE feature 0x004: 'AVX registers'
[    0.207386] x86/fpu: Supporting XSAVE feature 0x200: 'Protection Keys User registers'
[    0.208108] x86/fpu: Supporting XSAVE feature 0x800: 'Control-flow User registers'
[    0.208382] x86/fpu: Supporting XSAVE feature 0x1000: 'Control-flow Kernel registers (KVM only)'
[    0.209382] x86/fpu: xstate_offset[2]:  576, xstate_sizes[2]:  256
[    0.209932] x86/fpu: xstate_offset[9]:  832, xstate_sizes[9]:    8
[    0.210382] x86/fpu: xstate_offset[11]:  840, xstate_sizes[11]:   16
[    0.211382] x86/fpu: xstate_offset[12]:  856, xstate_sizes[12]:   24
[    0.211952] x86/fpu: Enabled xstate features 0x1a07, context size is 880 bytes, using 'compacted' format.
[    0.230538] Freeing SMP alternatives memory: 56K
[    0.231081] pid_max: default: 32768 minimum: 301
[    0.231480] Yama: becoming mindful.
[    0.231870] SELinux:  Initializing.
[    0.232609] LSM support for eBPF active
[    0.233043] landlock: Up and running.
[    0.233446] Mount-cache hash table entries: 8192 (order: 4, 65536 bytes, linear)
[    0.234408] Mountpoint-cache hash table entries: 8192 (order: 4, 65536 bytes, linear)
[    0.235489] VFS: Finished mounting rootfs on nullfs
[    0.236433] smpboot: CPU0: Intel(R) Core(TM) Ultra 5 125H (family: 0x6, model: 0xaa, stepping: 0x4)
[    0.237694] Performance Events: unsupported CPU family 6 model 170 no PMU driver, software events only.
[    0.238410] signal: max sigframe size: 3632
[    0.238902] rcu: Hierarchical SRCU implementation.
[    0.239385] rcu: 	Max phase no-delay instances is 400.
[    0.240026] Timer migration: 1 hierarchy levels; 8 children per group; 1 crossnode level
[    0.240665] NMI watchdog: Perf NMI watchdog permanently disabled
[    0.241394] smp: Bringing up secondary CPUs ...
[    0.242069] smpboot: x86: Booting SMP configuration:
[    0.242389] .... node  #0, CPUs:      #1
[    0.242512] smp: Brought up 1 node, 2 CPUs
[    0.243765] smpboot: Total of 2 processors activated (11980.80 BogoMIPS)
[    0.244462] Memory: 3693412K/4187880K available (24049K kernel code, 4785K rwdata, 17948K rodata, 5248K init, 4432K bss, 486616K reserved, 0K cma-reserved)
[    0.245608] devtmpfs: initialized
[    0.245791] x86/mm: Memory block size: 128MB
[    0.246768] ACPI: PM: Registering ACPI NVS region [mem 0x00800000-0x00807fff] (32768 bytes)
[    0.247388] ACPI: PM: Registering ACPI NVS region [mem 0x0080b000-0x0080bfff] (4096 bytes)
[    0.248113] ACPI: PM: Registering ACPI NVS region [mem 0x00811000-0x008fffff] (978944 bytes)
[    0.248400] ACPI: PM: Registering ACPI NVS region [mem 0x7fb7f000-0x7fbfefff] (524288 bytes)
[    0.249159] ACPI: PM: Registering ACPI NVS region [mem 0x7feb6000-0x7feb7fff] (8192 bytes)
[    0.249386] ACPI: PM: Registering ACPI NVS region [mem 0x7ff70000-0x7fffffff] (589824 bytes)
[    0.250218] clocksource: jiffies: mask: 0xffffffff max_cycles: 0xffffffff, max_idle_ns: 1911260446275000 ns
[    0.250403] posixtimers hash table entries: 1024 (order: 2, 16384 bytes, linear)
[    0.251066] futex hash table entries: 512 (32768 bytes on 1 NUMA nodes, total 32 KiB, linear).
[    0.251638] PM: RTC time: 04:06:47, date: 2026-06-15
[    0.253258] NET: Registered PF_NETLINK/PF_ROUTE protocol family
[    0.253707] DMA: preallocated 512 KiB GFP_KERNEL pool for atomic allocations
[    0.254541] DMA: preallocated 512 KiB GFP_KERNEL|GFP_DMA pool for atomic allocations
[    0.255377] DMA: preallocated 512 KiB GFP_KERNEL|GFP_DMA32 pool for atomic allocations
[    0.255392] audit: initializing netlink subsys (disabled)
[    0.255907] audit: type=2000 audit(1781496408.001:1): state=initialized audit_enabled=0 res=1
[    0.255907] thermal_sys: Registered thermal governor 'fair_share'
[    0.256384] thermal_sys: Registered thermal governor 'bang_bang'
[    0.256923] thermal_sys: Registered thermal governor 'step_wise'
[    0.257383] thermal_sys: Registered thermal governor 'user_space'
[    0.257917] cpuidle: using governor menu
[    0.259824] efi: Freeing EFI boot services memory: 41548K
[    0.260310] acpiphp: ACPI Hot Plug PCI Controller Driver version: 0.5
[    0.260497] PCI: ECAM [mem 0xe0000000-0xefffffff] (base 0xe0000000) for domain 0000 [bus 00-ff]
[    0.261257] PCI: Using configuration type 1 for base access
[    0.261522] kprobes: kprobe jump-optimization is enabled. All kprobes are optimized if possible.
[    0.267403] HugeTLB: registered 1.00 GiB page size, pre-allocated 0 pages
[    0.268032] HugeTLB: 16380 KiB vmemmap can be freed for a 1.00 GiB page
[    0.268384] HugeTLB: registered 2.00 MiB page size, pre-allocated 0 pages
[    0.269001] HugeTLB: 28 KiB vmemmap can be freed for a 2.00 MiB page
[    0.276682] raid6: skipped pq benchmark and selected avx2x4
[    0.277206] raid6: using avx2x2 recovery algorithm
[    0.277477] fbcon: Taking over console
[    0.277839] ACPI: Added _OSI(Module Device)
[    0.278219] ACPI: Added _OSI(Processor Device)
[    0.278383] ACPI: Added _OSI(Processor Aggregator Device)
[    0.279605] ACPI: 1 ACPI AML tables successfully acquired and loaded
[    0.281536] ACPI: \_SB_: platform _OSC: OS support mask [006e7eff]
[    0.282211] ACPI: Interpreter enabled
[    0.282395] ACPI: PM: (supports S0 S3 S4 S5)
[    0.282786] ACPI: Using IOAPIC for interrupt routing
[    0.283329] PCI: Using host bridge windows from ACPI; if necessary, use "pci=nocrs" and report a bug
[    0.283383] PCI: Ignoring E820 reservations for host bridge windows
[    0.283992] ACPI: Enabled 2 GPEs in block 00 to 3F
[    0.285503] ACPI: PCI Root Bridge [PCI0] (domain 0000 [bus 00-ff])
[    0.286079] acpi PNP0A08:00: _OSC: OS supports [ExtendedConfig ASPM ClockPM Segments MSI EDR HPX-Type3]
[    0.286416] acpi PNP0A08:00: _OSC: platform does not support [PCIeHotplug LTR DPC]
[    0.287150] acpi PNP0A08:00: _OSC: OS now controls [SHPCHotplug PME AER PCIeCapability]
[    0.287495] PCI host bridge to bus 0000:00
[    0.287871] pci_bus 0000:00: root bus resource [io  0x0000-0x0cf7 window]
[    0.288383] pci_bus 0000:00: root bus resource [io  0x0d00-0xffff window]
[    0.289051] pci_bus 0000:00: root bus resource [mem 0x000a0000-0x000bffff window]
[    0.289383] pci_bus 0000:00: root bus resource [mem 0x80000000-0xdfffffff window]
[    0.290118] pci_bus 0000:00: root bus resource [mem 0xf0000000-0xfebfffff window]
[    0.290383] pci_bus 0000:00: root bus resource [mem 0x380000000000-0x3807ffffffff window]
[    0.291190] pci_bus 0000:00: root bus resource [bus 00-ff]
[    0.291443] pci 0000:00:00.0: [8086:29c0] type 00 class 0x060000 conventional PCI endpoint
[    0.292548] pci 0000:00:01.0: [1234:1111] type 00 class 0x030000 conventional PCI endpoint
[    0.293885] pci 0000:00:01.0: BAR 0 [mem 0x80000000-0x80ffffff pref]
[    0.294396] pci 0000:00:01.0: BAR 2 [mem 0x81043000-0x81043fff]
[    0.294958] pci 0000:00:01.0: ROM [mem 0xffff0000-0xffffffff pref]
[    0.295494] pci 0000:00:01.0: Video device with shadowed ROM at [mem 0x000c0000-0x000dffff]
[    0.296713] pci 0000:00:02.0: [1af4:1000] type 00 class 0x020000 conventional PCI endpoint
[    0.298285] pci 0000:00:02.0: BAR 0 [io  0x60e0-0x60ff]
[    0.298393] pci 0000:00:02.0: BAR 1 [mem 0x81042000-0x81042fff]
[    0.299251] pci 0000:00:02.0: BAR 4 [mem 0x380000000000-0x380000003fff 64bit pref]
[    0.299388] pci 0000:00:02.0: ROM [mem 0xfffc0000-0xffffffff pref]
[    0.300317] pci 0000:00:03.0: [1af4:1001] type 00 class 0x010000 conventional PCI endpoint
[    0.301272] pci 0000:00:03.0: BAR 0 [io  0x6000-0x607f]
[    0.301390] pci 0000:00:03.0: BAR 1 [mem 0x81041000-0x81041fff]
[    0.301950] pci 0000:00:03.0: BAR 4 [mem 0x380000004000-0x380000007fff 64bit pref]
[    0.302803] pci 0000:00:1f.0: [8086:2918] type 00 class 0x060100 conventional PCI endpoint
[    0.303578] pci 0000:00:1f.0: quirk: [io  0x0600-0x067f] claimed by ICH6 ACPI/GPIO/TCO
[    0.304453] pci 0000:00:1f.2: [8086:2922] type 00 class 0x010601 conventional PCI endpoint
[    0.305767] pci 0000:00:1f.2: BAR 4 [io  0x60c0-0x60df]
[    0.306254] pci 0000:00:1f.2: BAR 5 [mem 0x81040000-0x81040fff]
[    0.306593] pci 0000:00:1f.3: [8086:2930] type 00 class 0x0c0500 conventional PCI endpoint
[    0.307804] pci 0000:00:1f.3: BAR 4 [io  0x6080-0x60bf]
[    0.309443] ACPI: PCI: Interrupt link LNKA configured for IRQ 10
[    0.310126] ACPI: PCI: Interrupt link LNKB configured for IRQ 10
[    0.310428] ACPI: PCI: Interrupt link LNKC configured for IRQ 11
[    0.311041] ACPI: PCI: Interrupt link LNKD configured for IRQ 11
[    0.311426] ACPI: PCI: Interrupt link LNKE configured for IRQ 10
[    0.312034] ACPI: PCI: Interrupt link LNKF configured for IRQ 10
[    0.312434] ACPI: PCI: Interrupt link LNKG configured for IRQ 11
[    0.313046] ACPI: PCI: Interrupt link LNKH configured for IRQ 11
[    0.313402] ACPI: PCI: Interrupt link GSIA configured for IRQ 16
[    0.313984] ACPI: PCI: Interrupt link GSIB configured for IRQ 17
[    0.314390] ACPI: PCI: Interrupt link GSIC configured for IRQ 18
[    0.314954] ACPI: PCI: Interrupt link GSID configured for IRQ 19
[    0.315387] ACPI: PCI: Interrupt link GSIE configured for IRQ 20
[    0.315954] ACPI: PCI: Interrupt link GSIF configured for IRQ 21
[    0.316391] ACPI: PCI: Interrupt link GSIG configured for IRQ 22
[    0.316956] ACPI: PCI: Interrupt link GSIH configured for IRQ 23
[    0.317931] iommu: Default domain type: Translated
[    0.318385] iommu: DMA domain TLB invalidation policy: lazy mode
[    0.319014] SCSI subsystem initialized
[    0.319455] ACPI: bus type USB registered
[    0.319868] usbcore: registered new interface driver usbfs
[    0.320395] usbcore: registered new interface driver hub
[    0.320888] usbcore: registered new device driver usb
[    0.321393] pps_core: LinuxPPS API ver. 1 registered
[    0.321875] pps_core: Software ver. 5.3.6 - Copyright 2005-2007 Rodolfo Giometti <giometti@linux.it>
[    0.322385] PTP clock support registered
[    0.322799] EDAC MC: Ver: 3.0.0
[    0.323385] efivars: Registered efivars operations
[    0.324566] NetLabel: Initializing
[    0.324919] NetLabel:  domain hash size = 128
[    0.325346] NetLabel:  protocols = UNLABELED CIPSOv4 CALIPSO
[    0.325417] NetLabel:  unlabeled traffic allowed by default
[    0.325960] mctp: management component transport protocol core
[    0.326386] NET: Registered PF_MCTP protocol family
[    0.326887] PCI: Using ACPI for IRQ routing
[    0.355409] e820: register RAM buffer resource [mem 0x0080b000-0x008fffff]
[    0.356191] e820: register RAM buffer resource [mem 0x00811000-0x008fffff]
[    0.356384] e820: register RAM buffer resource [mem 0x7e11b000-0x7fffffff]
[    0.357045] e820: register RAM buffer resource [mem 0x7ed3f000-0x7fffffff]
[    0.357383] e820: register RAM buffer resource [mem 0x7f8ed000-0x7fffffff]
[    0.358058] e820: register RAM buffer resource [mem 0x7feb2000-0x7fffffff]
[    0.358383] e820: register RAM buffer resource [mem 0x7feec000-0x7fffffff]
[    0.359396] pci 0000:00:01.0: vgaarb: setting as boot VGA device
[    0.359989] pci 0000:00:01.0: vgaarb: bridge control possible
[    0.360381] pci 0000:00:01.0: vgaarb: VGA device added: decodes=io+mem,owns=io+mem,locks=none
[    0.360385] vgaarb: loaded
[    0.360670] hpet0: at MMIO 0xfed00000, IRQs 2, 8, 0
[    0.361383] hpet0: 3 comparators, 64-bit 100.000000 MHz counter
[    0.364454] clocksource: Switched to clocksource kvm-clock
[    0.365381] VFS: Disk quotas dquot_6.6.0
[    0.365786] VFS: Dquot-cache hash table entries: 512 (order 0, 4096 bytes)
[    0.366796] acpi PNP0C01:00: Reserved [mem 0xe0000000-0xefffffff]
[    0.367428] pnp: PnP ACPI init
[    0.367992] pnp: PnP ACPI: found 5 devices
[    0.374154] clocksource: acpi_pm: mask: 0xffffff max_cycles: 0xffffff, max_idle_ns: 2085701024 ns
[    0.375044] NET: Registered PF_INET protocol family
[    0.375734] IP idents hash table entries: 65536 (order: 7, 524288 bytes, linear)
[    0.389397] tcp_listen_portaddr_hash hash table entries: 2048 (order: 3, 32768 bytes, linear)
[    0.390304] Table-perturb hash table entries: 65536 (order: 6, 262144 bytes, linear)
[    0.391059] TCP established hash table entries: 32768 (order: 6, 262144 bytes, linear)
[    0.392192] TCP bind hash table entries: 32768 (order: 8, 1048576 bytes, linear)
[    0.392926] TCP: Hash tables configured (established 32768 bind 32768)
[    0.393643] MPTCP token hash table entries: 4096 (order: 5, 98304 bytes, linear)
[    0.394360] UDP hash table entries: 2048 (order: 5, 131072 bytes, linear)
[    0.395054] UDP-Lite hash table entries: 2048 (order: 5, 131072 bytes, linear)
[    0.395783] NET: Registered PF_UNIX/PF_LOCAL protocol family
[    0.396326] NET: Registered PF_XDP protocol family
[    0.396778] pci 0000:00:02.0: ROM [mem 0xfffc0000-0xffffffff pref]: can't claim; no compatible bridge window
[    0.397719] pci 0000:00:02.0: ROM [mem 0x81000000-0x8103ffff pref]: assigned
[    0.398390] pci_bus 0000:00: resource 4 [io  0x0000-0x0cf7 window]
[    0.398974] pci_bus 0000:00: resource 5 [io  0x0d00-0xffff window]
[    0.399549] pci_bus 0000:00: resource 6 [mem 0x000a0000-0x000bffff window]
[    0.400184] pci_bus 0000:00: resource 7 [mem 0x80000000-0xdfffffff window]
[    0.400822] pci_bus 0000:00: resource 8 [mem 0xf0000000-0xfebfffff window]
[    0.401469] pci_bus 0000:00: resource 9 [mem 0x380000000000-0x3807ffffffff window]
[    0.402243] PCI: CLS 0 bytes, default 64
[    0.402692] PCI-DMA: Using software bounce buffering for IO (SWIOTLB)
[    0.402888] Trying to unpack rootfs image as initramfs...
[    0.403336] software IO TLB: mapped [mem 0x0000000077ede000-0x000000007bede000] (64MB)
[    0.403429] clocksource: tsc: mask: 0xffffffffffffffff max_cycles: 0x2b2c8ec87c7, max_idle_ns: 440795278598 ns
[    0.410786] Initialise system trusted keyrings
[    0.411266] Key type blacklist registered
[    0.412353] workingset: timestamp_bits=36 max_order=20 bucket_order=0
[    0.413532] integrity: Platform Keyring initialized
[    0.414016] integrity: Machine keyring initialized
[    0.415331] cryptd: max_cpu_qlen set to 1000
[    0.423332] NET: Registered PF_ALG protocol family
[    0.423809] xor: automatically using best checksumming function   avx       
[    0.424471] Key type asymmetric registered
[    0.424856] Asymmetric key parser 'x509' registered
[    0.425515] Block layer SCSI generic (bsg) driver version 0.4 loaded (major 244)
[    0.426253] io scheduler mq-deadline registered
[    0.426684] io scheduler kyber registered
[    0.427074] io scheduler bfq registered
[    0.428337] atomic64_test: passed for x86-64 platform with CX8 and with SSE
[    0.429190] input: Power Button as /devices/platform/LNXPWRBN:00/input/input0
[    0.429913] ACPI: button: Power Button [PWRF]
[    0.431656] ACPI: \_SB_.GSIG: Enabled at IRQ 22
[    0.432682] ACPI: \_SB_.GSIH: Enabled at IRQ 23
[    0.433555] Serial: 8250/16550 driver, 32 ports, IRQ sharing enabled
[    0.434281] 00:03: ttyS0 at I/O 0x3f8 (irq = 4, base_baud = 115200) is a 16550A
[    0.436162] Non-volatile memory driver v1.3
[    0.436571] Linux agpgart interface v0.103
[    0.437050] ACPI: bus type drm_connector registered
[    0.438467] virtio_blk virtio1: 2/0/0 default/read/poll queues
[    0.439706] virtio_blk virtio1: [vda] 41943040 512-byte logical blocks (21.5 GB/20.0 GiB)
[    0.441237]  vda: vda1 vda2 vda3
[    0.441913] ACPI: \_SB_.GSIA: Enabled at IRQ 16
[    0.442785] ahci 0000:00:1f.2: AHCI vers 0001.0000, 32 command slots, 1.5 Gbps, SATA mode
[    0.443672] ahci 0000:00:1f.2: 6/6 ports implemented (port mask 0x3f)
[    0.444362] ahci 0000:00:1f.2: flags: 64bit ncq only 
[    0.446362] scsi host0: ahci
[    0.447375] scsi host1: ahci
[    0.448333] scsi host2: ahci
[    0.449396] scsi host3: ahci
[    0.450379] scsi host4: ahci
[    0.450820] scsi host5: ahci
[    0.451189] ata1: SATA max UDMA/133 abar m4096@0x81040000 port 0x81040100 irq 27 lpm-pol 1
[    0.452063] ata2: SATA max UDMA/133 abar m4096@0x81040000 port 0x81040180 irq 27 lpm-pol 1
[    0.452924] ata3: SATA max UDMA/133 abar m4096@0x81040000 port 0x81040200 irq 27 lpm-pol 1
[    0.453778] ata4: SATA max UDMA/133 abar m4096@0x81040000 port 0x81040280 irq 27 lpm-pol 1
[    0.454648] ata5: SATA max UDMA/133 abar m4096@0x81040000 port 0x81040300 irq 27 lpm-pol 1
[    0.455513] ata6: SATA max UDMA/133 abar m4096@0x81040000 port 0x81040380 irq 27 lpm-pol 1
[    0.456519] CAN device driver interface
[    0.457086] usbcore: registered new interface driver usbserial_generic
[    0.457829] usbserial: USB Serial support registered for generic
[    0.458528] i8042: PNP: PS/2 Controller [PNP0303:KBD,PNP0f13:MOU] at 0x60,0x64 irq 1,12
[    0.459824] serio: i8042 KBD port at 0x60,0x64 irq 1
[    0.460378] serio: i8042 AUX port at 0x60,0x64 irq 12
[    0.461066] mousedev: PS/2 mouse device common for all mice
[    0.461791] rtc_cmos 00:04: RTC can wake from S4
[    0.462696] rtc_cmos 00:04: registered as rtc0
[    0.463231] rtc_cmos 00:04: setting system clock to 2026-06-15T04:06:48 UTC (1781496408)
[    0.464280] rtc_cmos 00:04: alarms up to one day, y3k, 242 bytes nvram
[    0.465050] device-mapper: core: CONFIG_IMA_DISABLE_HTABLE is disabled. Duplicate IMA measurements will not be recorded in the IMA log.
[    0.466439] input: AT Translated Set 2 keyboard as /devices/platform/i8042/serio0/input/input1
[    0.467478] device-mapper: uevent: version 1.0.3
[    0.468060] device-mapper: ioctl: 4.50.0-ioctl (2025-04-28) initialised: dm-devel@lists.linux.dev
[    0.469733] input: VirtualPS/2 VMware VMMouse as /devices/platform/i8042/serio1/input/input4
[    0.470922] input: VirtualPS/2 VMware VMMouse as /devices/platform/i8042/serio1/input/input3
[    0.472040] intel_pstate: CPU model not supported
[    0.472939] simple-framebuffer simple-framebuffer.0: [drm] Registered 1 planes with drm panic
[    0.473995] [drm] Initialized simpledrm 1.0.0 for simple-framebuffer.0 on minor 0
[    0.478927] Console: switching to colour frame buffer device 160x50
[    0.480614] simple-framebuffer simple-framebuffer.0: [drm] fb0: simpledrmdrmfb frame buffer device
[    0.481663] hid: raw HID events driver (C) Jiri Kosina
[    0.482254] usbcore: registered new interface driver usbhid
[    0.482856] usbhid: USB HID core driver
[    0.483398] drop_monitor: Initializing network drop monitor service
[    0.484168] Initializing XFRM netlink socket
[    0.484685] NET: Registered PF_INET6 protocol family
[    0.487437] Segment Routing with IPv6
[    0.487847] RPL Segment Routing with IPv6
[    0.488289] In-situ OAM (IOAM) with IPv6
[    0.488747] mip6: Mobile IPv6
[    0.489077] NET: Registered PF_PACKET protocol family
[    0.489628] can: controller area network core
[    0.490120] NET: Registered PF_CAN protocol family
[    0.492466] IPI shorthand broadcast: enabled
[    0.494330] sched_clock: Marking stable (391001772, 103297319)->(521137393, -26838302)
[    0.495378] registered taskstats version 1
[    0.497453] Loading compiled-in X.509 certificates
[    0.507630] Loaded X.509 cert 'Fedora kernel signing key: 219946773eda9ab699c6caf34f3ce5e92d27e1fd'
[    0.765752] ata2: SATA link down (SStatus 0 SControl 300)
[    0.766985] ata1: SATA link down (SStatus 0 SControl 300)
[    0.768219] ata3: SATA link up 1.5 Gbps (SStatus 113 SControl 300)
[    0.769194] ata3.00: ATAPI: QEMU DVD-ROM, 2.5+, max UDMA/100
[    0.769921] ata3.00: applying bridge limits
[    0.770673] ata3.00: configured for UDMA/100
[    0.772255] scsi 2:0:0:0: CD-ROM            QEMU     QEMU DVD-ROM     2.5+ PQ: 0 ANSI: 5
[    0.777103] ata5: SATA link down (SStatus 0 SControl 300)
[    0.778612] ata4: SATA link down (SStatus 0 SControl 300)
[    0.779848] ata6: SATA link down (SStatus 0 SControl 300)
[    0.784450] sr 2:0:0:0: [sr0] scsi3-mmc drive: 4x/4x cd/rw xa/form2 tray
[    0.795387] cdrom: Uniform CD-ROM driver Revision: 3.20
[    0.802577] sr 2:0:0:0: Attached scsi generic sg0 type 5
[    0.803574] Freeing initrd memory: 239424K
[    0.813780] Loaded X.509 cert 'Fedora IMA CA: a8a00c31663f853f9c6ff2564872e378af026b28'
[    0.817561] Demotion targets for Node 0: null
[    0.818197] page_owner is disabled
[    0.819034] Key type .fscrypt registered
[    0.819768] Key type fscrypt-provisioning registered
[    0.820909] Btrfs loaded, zoned=yes, fsverity=yes
[    0.821691] Key type big_key registered
[    0.822947] Key type encrypted registered
[    0.823645] ima: No TPM chip found, activating TPM-bypass!
[    0.824258] Loading compiled-in module X.509 certificates
[    0.825403] Loaded X.509 cert 'Fedora kernel signing key: 219946773eda9ab699c6caf34f3ce5e92d27e1fd'
[    0.826660] ima: Allocated hash algorithm: sha256
[    0.828509] ima: No architecture policies found
[    0.829068] evm: Initialising EVM extended attributes:
[    0.829810] evm: security.selinux
[    0.830213] evm: security.SMACK64 (disabled)
[    0.830860] evm: security.SMACK64EXEC (disabled)
[    0.831534] evm: security.SMACK64TRANSMUTE (disabled)
[    0.832089] evm: security.SMACK64MMAP (disabled)
[    0.832600] evm: security.apparmor (disabled)
[    0.833178] evm: security.ima
[    0.833611] evm: security.capability
[    0.834064] evm: HMAC attrs: 0x1
[    0.837598] alg: No test for 842 (842-scomp)
[    0.866305] PM:   Magic number: 14:612:110
[    0.866966] RAS: Correctable Errors collector initialized.
[    0.867717] clk: Disabling unused clocks
[    0.868171] PM: genpd: Disabling unused power domains
[    0.874643] Freeing unused decrypted memory: 2028K
[    0.877250] Freeing unused kernel image (initmem) memory: 5248K
[    0.878367] Write protecting the kernel read-only data: 43008k
[    0.879294] Freeing unused kernel image (text/rodata gap) memory: 524K
[    0.880448] Freeing unused kernel image (rodata/data gap) memory: 484K
[    0.887384] x86/mm: Checked W+X mappings: passed, no W+X pages found.
[    0.888091] Run /init as init process
[    0.906767] fuse: init (API version 7.45)
[    0.921333] systemd[1]: Successfully made /usr/ read-only.
[    0.922737] systemd[1]: systemd 259.6-1.fc44 running in system mode (+PAM +AUDIT +SELINUX -APPARMOR +IMA +IPE +SMACK +SECCOMP -GCRYPT +GNUTLS +OPENSSL +ACL +BLKID +CURL +ELFUTILS +FIDO2 +IDN2 -IDN +KMOD +LIBCRYPTSETUP +LIBCRYPTSETUP_PLUGINS +LIBFDISK +PCRE2 +PWQUALITY +P11KIT +QRENCODE +TPM2 +BZIP2 +LZ4 +XZ +ZLIB +ZSTD +BPF_FRAMEWORK +BTF +XKBCOMMON +UTMP +SYSVINIT +LIBARCHIVE)
[    0.926376] systemd[1]: Detected virtualization kvm.
[    0.927340] systemd[1]: Detected architecture x86-64.
[    0.928259] systemd[1]: Running in initrd.
[    0.929803] systemd[1]: Initializing machine ID from random generator.
[    0.930560] systemd[1]: No hostname configured, using default hostname.
[    0.931653] systemd[1]: Hostname set to <fedora>.
[    0.974781] systemd[1]: bpf-restrict-fs: LSM BPF program attached
[    1.007407] systemd[1]: /usr/lib/systemd/system/systemd-udevd.service:56: System call bpf cannot be resolved as libseccomp is not available, ignoring: Operation not supported
[    1.019213] systemd[1]: Queued start job for default target initrd.target.
[    1.029086] systemd[1]: Expecting device dev-disk-by\x2duuid-0a4d7922\x2d358c\x2d4843\x2daf66\x2d41333a82d5f4.device - /dev/disk/by-uuid/0a4d7922-358c-4843-af66-41333a82d5f4...
[    1.034107] systemd[1]: Reached target initrd-usr-fs.target - Initrd /usr File System.
[    1.035750] systemd[1]: Reached target slices.target - Slice Units.
[    1.036997] systemd[1]: Reached target swap.target - Swaps.
[    1.038198] systemd[1]: Reached target timers.target - Timer Units.
[    1.039573] systemd[1]: Listening on systemd-journald-dev-log.socket - Journal Socket (/dev/log).
[    1.041198] systemd[1]: Listening on systemd-journald.socket - Journal Sockets.
[    1.042530] systemd[1]: Listening on systemd-udevd-control.socket - udev Control Socket.
[    1.043857] systemd[1]: Listening on systemd-udevd-kernel.socket - udev Kernel Socket.
[    1.045235] systemd[1]: Reached target sockets.target - Socket Units.
[    1.047373] systemd[1]: Starting kmod-static-nodes.service - Create List of Static Device Nodes...
[    1.049004] systemd[1]: memstrack.service - Memstrack Anylazing Service skipped, no trigger condition checks were met.
[    1.052165] systemd[1]: Starting systemd-journald.service - Journal Service...
[    1.055193] systemd[1]: Starting systemd-modules-load.service - Load Kernel Modules...
[    1.056249] systemd-journald[205]: Collecting audit messages is disabled.
[    1.060427] systemd[1]: systemd-pcrphase-initrd.service - TPM PCR Barrier (initrd) skipped, unmet condition check ConditionSecurity=measured-uki
[    1.066134] Asymmetric key parser 'pkcs8' registered
[    1.067224] i2c_dev: i2c /dev entries driver
[    1.068315] systemd[1]: Starting systemd-vconsole-setup.service - Virtual Console Setup...
[    1.076082] mc: Linux media interface: v0.10
[    1.077399] systemd[1]: Started systemd-journald.service - Journal Service.
[    1.099448] videodev: Linux video capture interface: v2.00
[    1.107805] v4l2loopback: loading out-of-tree module taints kernel.
[    1.108981] v4l2loopback: module verification failed: signature and/or required key missing - tainting kernel
[    1.110846] v4l2-loopback driver version 0.15.3 loaded
[[0;32m  OK  [0m] Created slice [0;1;39msystem-modprobe.slice[0m - Slice /system/modprobe.
[[0;32m  OK  [0m] Started [0;1;39mplymouth-start.service[0m - Show Plymouth Boot Screen.
[[0;32m  OK  [0m] Started [0;1;39msystemd-ask-password-plymouth.path[0m - Forward Password Requests to Plymouth Directory Watch.
[[0;32m  OK  [0m] Reached target [0;1;39mcryptsetup.target[0m - Local Encrypted Volumes.
[[0;32m  OK  [0m] Reached target [0;1;39mpaths.target[0m - Path Units.
[[0;32m  OK  [0m] Found device [0;1;39mdev-disk-by\x2duuid-0a4d7922\x2d358c\x2d4843\x2daf66\x2d41333a82d5f4.device[0m - /dev/disk/by-uuid/0a4d7922-358c-4843-af66-41333a82d5f4.
[[0;32m  OK  [0m] Reached target [0;1;39minitrd-root-device.target[0m - Initrd Root Device.
[[0;32m  OK  [0m] Stopped [0;1;39msystemd-vconsole-setup.service[0m - Virtual Console Setup.
         Stopping [0;1;39msystemd-vconsole-setup.service[0m - Virtual Console Setup...
         Starting [0;1;39msystemd-vconsole-setup.service[0m - Virtual Console Setup...
[0;21;39mConsole: switching to colour dummy device 80x25[0m
[0;21;39mbochs-drm 0000:00:01.0: vgaarb: deactivate vga console[0m
[0;21;39m[drm] Found bochs VGA, ID 0xb0c5.[0m
[0;21;39m[drm] Framebuffer size 16384 kB @ 0x80000000, mmio @ 0x81043000.[0m
[0;21;39mbochs-drm 0000:00:01.0: [drm] Registered 1 planes with drm panic[0m
[0;21;39m[drm] Initialized bochs-drm 1.0.0 for 0000:00:01.0 on minor 0[0m
[0;21;39mfbcon: bochs-drmdrmfb (fb0) is primary device[0m
[0;21;39mConsole: switching to colour frame buffer device 160x50[0m
[0;21;39mbochs-drm 0000:00:01.0: [drm] fb0: bochs-drmdrmfb frame buffer device[0m
[[0;32m  OK  [0m] Stopped [0;1;39msystemd-vconsole-setup.service[0m - Virtual Console Setup.
         Starting [0;1;39msystemd-vconsole-setup.service[0m - Virtual Console Setup...
[[0;32m  OK  [0m] Finished [0;1;39mdracut-initqueue.service[0m - dracut initqueue hook.
[[0;32m  OK  [0m] Reached target [0;1;39mremote-fs-pre.target[0m - Preparation for Remote File Systems.
[[0;32m  OK  [0m] Reached target [0;1;39mremote-cryptsetup.target[0m - Remote Encrypted Volumes.
[[0;32m  OK  [0m] Reached target [0;1;39mremote-fs.target[0m - Remote File Systems.
         Starting [0;1;39mdracut-pre-mount.service[0m - dracut pre-mount hook...
[[0;32m  OK  [0m] Finished [0;1;39mdracut-pre-mount.service[0m - dracut pre-mount hook.
         Starting [0;1;39msystemd-fsck-root.service[0m - File System Check on /dev/disk/by-uuid/0a4d7922-358c-4843-af66-41333a82d5f4...
[[0;32m  OK  [0m] Finished [0;1;39msystemd-vconsole-setup.service[0m - Virtual Console Setup.
[[0;32m  OK  [0m] Finished [0;1;39msystemd-fsck-root.service[0m - File System Check on /dev/disk/by-uuid/0a4d7922-358c-4843-af66-41333a82d5f4.
         Mounting [0;1;39msys-kernel-config.mount[0m - Kernel Configuration File System...
         Mounting [0;1;39msysroot.mount[0m - /sysroot...
[[0;32m  OK  [0m] Mounted [0;1;39msys-kernel-config.mount[0m - Kernel Configuration File System.
[[0;32m  OK  [0m] Reached target [0;1;39msysinit.target[0m - System Initialization.
[[0;32m  OK  [0m] Reached target [0;1;39mbasic.target[0m - Basic System.
[0;21;39mBTRFS: device label root devid 1 transid 37 /dev/vda3 (253:3) scanned by mount (460)[0m
[0;21;39mBTRFS info (device vda3): first mount of filesystem 0a4d7922-358c-4843-af66-41333a82d5f4[0m
[0;21;39mBTRFS info (device vda3): using crc32c checksum algorithm[0m
[0;21;39mBTRFS info (device vda3): turning on async discard[0m
[[0;32m  OK  [0m] Mounted [0;1;39msysroot.mount[0m - /sysroot.
[0;21;39mBTRFS info (device vda3): enabling free space tree[0m
         Starting [0;1;39mostree-prepare-root.service[0m - OSTree Prepare OS/...
[0;21;32mnetfs: FS-Cache loaded[0m
[0;21;39merofs (device erofs): mounted with root inode @ nid 36.[0m
[[0;32m  OK  [0m] Finished [0;1;39mostree-prepare-root.service[0m - OSTree Prepare OS/.
[[0;32m  OK  [0m] Reached target [0;1;39minitrd-root-fs.target[0m - Initrd Root File System.
         Starting [0;1;39minitrd-parse-etc.service[0m - Mountpoints Configured in the Real Root...
[[0;32m  OK  [0m] Finished [0;1;39minitrd-parse-etc.service[0m - Mountpoints Configured in the Real Root.
[[0;32m  OK  [0m] Reached target [0;1;39minitrd-fs.target[0m - Initrd File Systems.
[[0;32m  OK  [0m] Reached target [0;1;39minitrd.target[0m - Initrd Default Target.
         Starting [0;1;39mdracut-pre-pivot.service[0m - dracut pre-pivot and cleanup hook...
[[0;32m  OK  [0m] Finished [0;1;39mdracut-pre-pivot.service[0m - dracut pre-pivot and cleanup hook.
         Starting [0;1;39minitrd-cleanup.service[0m - Cleaning Up and Shutting Down Daemons...
[[0;32m  OK  [0m] Stopped target [0;1;39mremote-cryptsetup.target[0m - Remote Encrypted Volumes.
[[0;32m  OK  [0m] Stopped target [0;1;39mtimers.target[0m - Timer Units.
[[0;32m  OK  [0m] Stopped [0;1;39mdracut-pre-pivot.service[0m - dracut pre-pivot and cleanup hook.
[[0;32m  OK  [0m] Stopped target [0;1;39minitrd.target[0m - Initrd Default Target.
[[0;32m  OK  [0m] Stopped target [0;1;39mbasic.target[0m - Basic System.
[[0;32m  OK  [0m] Stopped target [0;1;39minitrd-root-device.target[0m - Initrd Root Device.
[[0;32m  OK  [0m] Stopped target [0;1;39minitrd-usr-fs.target[0m - Initrd /usr File System.
[[0;32m  OK  [0m] Stopped target [0;1;39mpaths.target[0m - Path Units.
[[0;32m  OK  [0m] Stopped target [0;1;39mremote-fs.target[0m - Remote File Systems.
[[0;32m  OK  [0m] Stopped target [0;1;39mremote-fs-pre.target[0m - Preparation for Remote File Systems.
[[0;32m  OK  [0m] Stopped target [0;1;39mslices.target[0m - Slice Units.
[[0;32m  OK  [0m] Stopped target [0;1;39msockets.target[0m - Socket Units.
[[0;32m  OK  [0m] Stopped target [0;1;39msysinit.target[0m - System Initialization.
[[0;32m  OK  [0m] Stopped target [0;1;39mswap.target[0m - Swaps.
[[0;32m  OK  [0m] Stopped [0;1;39mdracut-pre-mount.service[0m - dracut pre-mount hook.
[[0;32m  OK  [0m] Stopped target [0;1;39mcryptsetup.target[0m - Local Encrypted Volumes.
[[0;32m  OK  [0m] Stopped [0;1;39mdracut-initqueue.service[0m - dracut initqueue hook.
         Starting [0;1;39mplymouth-switch-root.service[0m - Plymouth switch root service...
[[0;32m  OK  [0m] Stopped [0;1;39msystemd-sysctl.service[0m - Apply Kernel Variables.
[[0;32m  OK  [0m] Stopped [0;1;39msystemd-modules-load.service[0m - Load Kernel Modules.
[[0;32m  OK  [0m] Stopped [0;1;39msystemd-tmpfiles-setup.service[0m - Create System Files and Directories.
[[0;32m  OK  [0m] Stopped target [0;1;39mlocal-fs.target[0m - Local File Systems.
[[0;32m  OK  [0m] Stopped target [0;1;39mlocal-fs-pre.target[0m - Preparation for Local File Systems.
[[0;32m  OK  [0m] Stopped [0;1;39msystemd-udev-trigger.service[0m - Coldplug All udev Devices.
[[0;32m  OK  [0m] Stopped [0;1;39mdracut-pre-trigger.service[0m - dracut pre-trigger hook.
         Stopping [0;1;39msystemd-udevd.service[0m - Rule-based Manager for Device Events and Files...
[[0;32m  OK  [0m] Finished [0;1;39minitrd-cleanup.service[0m - Cleaning Up and Shutting Down Daemons.
[[0;32m  OK  [0m] Stopped [0;1;39msystemd-udevd.service[0m - Rule-based Manager for Device Events and Files.
[[0;32m  OK  [0m] Closed [0;1;39msystemd-udevd-control.socket[0m - udev Control Socket.
[[0;32m  OK  [0m] Stopped [0;1;39mdracut-pre-udev.service[0m - dracut pre-udev hook.
[[0;32m  OK  [0m] Stopped [0;1;39mdracut-cmdline.service[0m - dracut cmdline hook.
[[0;32m  OK  [0m] Stopped [0;1;39mdracut-cmdline-ask.service[0m - dracut ask for additional cmdline parameters.
         Starting [0;1;39minitrd-udevadm-cleanup-db.service[0m - Cleanup udev Database...
[[0;32m  OK  [0m] Stopped [0;1;39msystemd-tmpfiles-setup-dev.service[0m - Create Static Device Nodes in /dev.
[[0;32m  OK  [0m] Stopped [0;1;39msystemd-tmpfiles-setup-dev-early.service[0m - Create Static Device Nodes in /dev gracefully.
[[0;32m  OK  [0m] Stopped [0;1;39mkmod-static-nodes.service[0m - Create List of Static Device Nodes.
[[0;32m  OK  [0m] Finished [0;1;39minitrd-udevadm-cleanup-db.service[0m - Cleanup udev Database.
[[0;32m  OK  [0m] Reached target [0;1;39minitrd-switch-root.target[0m - Switch Root.
[[0;32m  OK  [0m] Finished [0;1;39mplymouth-switch-root.service[0m - Plymouth switch root service.
         Starting [0;1;39minitrd-switch-root.service[0m - Switch Root...
[0;21;39msystemd-journald[205]: Received SIGTERM from PID 1 (systemd).[0m
[0;21;32maudit: type=1404 audit(1781496410.420:2): enforcing=1 old_enforcing=0 auid=4294967295 ses=4294967295 enabled=1 old-enabled=1 lsm=selinux res=1[0m
[0;21;39mSELinux:  Permission firmware_load in class system not defined in policy.[0m
[0;21;39mSELinux:  Permission kexec_image_load in class system not defined in policy.[0m
[0;21;39mSELinux:  Permission kexec_initramfs_load in class system not defined in policy.[0m
[0;21;39mSELinux:  Permission policy_load in class system not defined in policy.[0m
[0;21;39mSELinux:  Permission x509_certificate_load in class system not defined in policy.[0m
[0;21;39mSELinux:  Permission map_create_as in class bpf not defined in policy.[0m
[0;21;39mSELinux:  Permission prog_load_as in class bpf not defined in policy.[0m
[0;21;39mSELinux:  Permission allowed in class io_uring not defined in policy.[0m
[0;21;39mSELinux:  Class memfd_file not defined in policy.[0m
[0;21;39mSELinux: the above unknown classes and permissions will be allowed[0m
[0;21;39mSELinux:  policy capability network_peer_controls=1[0m
[0;21;39mSELinux:  policy capability open_perms=1[0m
[0;21;39mSELinux:  policy capability extended_socket_class=1[0m
[0;21;39mSELinux:  policy capability always_check_network=0[0m
[0;21;39mSELinux:  policy capability cgroup_seclabel=1[0m
[0;21;39mSELinux:  policy capability nnp_nosuid_transition=1[0m
[0;21;39mSELinux:  policy capability genfs_seclabel_symlinks=1[0m
[0;21;39mSELinux:  policy capability ioctl_skip_cloexec=0[0m
[0;21;39mSELinux:  policy capability userspace_initial_context=0[0m
[0;21;39mSELinux:  policy capability netlink_xperm=0[0m
[0;21;39mSELinux:  policy capability netif_wildcard=0[0m
[0;21;39mSELinux:  policy capability genfs_seclabel_wildcard=0[0m
[0;21;39mSELinux:  policy capability functionfs_seclabel=0[0m
[0;21;39mSELinux:  policy capability memfd_class=0[0m
[0;21;39mSELinux:  policy capability bpf_token_perms=0[0m
[0;21;32maudit: type=1403 audit(1781496410.463:3): auid=4294967295 ses=4294967295 lsm=selinux res=1[0m
[0;21;39msystemd[1]: Successfully loaded SELinux policy in 44.141ms.[0m
[0;21;39mNET: Registered PF_VSOCK protocol family[0m
[0;21;39msystemd[1]: Relabeled /dev/, /dev/shm/, /run/ in 9.390ms.[0m
[6n[32766;32766H[6n[!p]104\[0m[?7h[1G[0J[0;21;39msystemd[1]: systemd 259.6-1.fc44 running in system mode (+PAM +AUDIT +SELINUX -APPARMOR +IMA +IPE +SMACK +SECCOMP -GCRYPT +GNUTLS +OPENSSL +ACL +BLKID +CURL +ELFUTILS +FIDO2 +IDN2 -IDN +KMOD +LIBCRYPTSETUP +LIBCRYPTSETUP_PLUGINS +LIBFDISK +PCRE2 +PWQUALITY +P11KIT +QRENCODE +TPM2 +BZIP2 +LZ4 +XZ +ZLIB +ZSTD +BPF_FRAMEWORK +BTF +XKBCOMMON +UTMP +SYSVINIT +LIBARCHIVE)[0m
[0;21;39msystemd[1]: Detected virtualization kvm.[0m
[0;21;39msystemd[1]: Detected architecture x86-64.[0m

[0;1;39mWelcome to [0m[0;38;2;60;110;180mBluefin (Version: testing-44.20260612.2)[0m[0;1;39m![0m

]3008;start=ab09732f224942b49f3665ba731e9ad3;user=root;hostname=fedora;machineid=4bea9967d3094c22931caabcf6a2f32f;bootid=7a66bd08b48442ea86b5854a7eb168ec;pid=1;pidfdid=1;comm=systemd;type=boot\[0;21;39msystemd[1]: Initializing machine ID from random generator.[0m
[0;21;39msystemd[1]: bpf-restrict-fs: LSM BPF program attached[0m
[0;21;39mzram: Added device: zram0[0m
[0;21;39msystemd[1]: initrd-switch-root.service: Deactivated successfully.[0m
[[0;32m  OK  [0m] Stopped [0;1;39minitrd-switch-root.service[0m - Switch Root.
[0;21;39msystemd[1]: Stopped initrd-switch-root.service - Switch Root.[0m
[[0;32m  OK  [0m] Created slice [0;1;39msystem-getty.slice[0m - Slice /system/getty.
[0;21;39msystemd[1]: systemd-journald.service: Scheduled restart job, restart counter is at 1.[0m
[0;21;39msystemd[1]: Created slice system-getty.slice - Slice /system/getty.[0m
[[0;32m  OK  [0m] Created slice [0;1;39msystem-serial\x2dgetty.slice[0m - Slice /system/serial-getty.
[0;21;39msystemd[1]: Created slice system-serial\x2dgetty.slice - Slice /system/serial-getty.[0m
[[0;32m  OK  [0m] Created slice [0;1;39msystem-sshd\x2dkeygen.slice[0m - Slice /system/sshd-keygen.
[0;21;39msystemd[1]: Created slice system-sshd\x2dkeygen.slice - Slice /system/sshd-keygen.[0m
[[0;32m  OK  [0m] Created slice [0;1;39msystem-systemd\x2dzram\x2dsetup.slice[0m - Slice /system/systemd-zram-setup.
[0;21;39msystemd[1]: Created slice system-systemd\x2dzram\x2dsetup.slice - Slice /system/systemd-zram-setup.[0m
[0;21;39msystemd[1]: Created slice user.slice - User and Session Slice.[0m
[0;21;39msystemd[1]: systemd-ask-password-console.path - Dispatch Password Requests to Console Directory Watch skipped, unmet condition check ConditionPathExists=!/run/plymouth/pid[0m
[0;21;39msystemd[1]: Started systemd-ask-password-wall.path - Forward Password Requests to Wall Directory Watch.[0m
[[0;32m  OK  [0m] Created slice [0;1;39muser.slice[0m - User and Session Slice.
[[0;32m  OK  [0m] Started [0;1;39msystemd-ask-password-wall.path[0m - Forward Password Requests to Wall Directory Watch.
[[0;32m  OK  [0m] Set up automount [0;1;39mproc-sys-fs-binfmt_misc.automount[0m - Arbitrary Executable File Formats File System Automount Point.
         Expecting device [0;1;39mdev-ttyS0.device[0m - /dev/ttyS0...
[0;21;39msystemd[1]: Set up automount proc-sys-fs-binfmt_misc.automount - Arbitrary Executable File Formats File System Automount Point.[0m
[0;21;39msystemd[1]: Expecting device dev-ttyS0.device - /dev/ttyS0...[0m
         Expecting device [0;1;39mdev-zram0.device[0m - /dev/zram0...[0;21;39msystemd[1]: Expecting device dev-zram0.device - /dev/zram0...[0m

[[0;32m  OK  [0m] Reached target [0;1;39mimports.target[0m - Image Downloads.
[0;21;39msystemd[1]: Reached target imports.target - Image Downloads.[0m
[[0;32m  OK  [0m] Stopped target [0;1;39minitrd-switch-root.target[0m - Switch Root.
[[0;32m  OK  [0m] Stopped target [0;1;39minitrd-fs.target[0m - Initrd File Systems.
[[0;32m  OK  [0m] Stopped target [0;1;39minitrd-root-fs.target[0m - Initrd Root File System.[0;21;39msystemd[1]: Stopped target initrd-switch-root.target - Switch Root.[0m

[0;21;39msystemd[1]: Stopped target initrd-fs.target - Initrd File Systems.[0m
[[0;32m  OK  [0m] Reached target [0;1;39mintegritysetup.target[0m - Local Integrity Protected Volumes.
[0;21;39msystemd[1]: Stopped target initrd-root-fs.target - Initrd Root File System.[0m
[0;21;39msystemd[1]: Reached target integritysetup.target - Local Integrity Protected Volumes.[0m
[[0;32m  OK  [0m] Reached target [0;1;39mslices.target[0m - Slice Units.
[[0;32m  OK  [0m] Reached target [0;1;39mveritysetup.target[0m - Local Verity Protected Volumes.
[[0;32m  OK  [0m] Listening on [0;1;39mdm-event.socket[0m - Device-mapper event daemon FIFOs.
[0;21;39msystemd[1]: Reached target slices.target - Slice Units.[0m
[0;21;39msystemd[1]: Reached target veritysetup.target - Local Verity Protected Volumes.[0m
[0;21;39msystemd[1]: Listening on dm-event.socket - Device-mapper event daemon FIFOs.[0m
[[0;32m  OK  [0m] Listening on [0;1;39mlvm2-lvmpolld.socket[0m - LVM2 poll daemon socket.
[0;21;39msystemd[1]: Listening on lvm2-lvmpolld.socket - LVM2 poll daemon socket.[0m
[[0;32m  OK  [0m] Listening on [0;1;39msystemd-ask-password.socket[0m - Query the User Interactively for a Password.
[0;21;39msystemd[1]: Listening on systemd-ask-password.socket - Query the User Interactively for a Password.[0m
[[0;32m  OK  [0m] Listening on [0;1;39msystemd-coredump.socket[0m - Process Core Dump Socket.
[0;21;39msystemd[1]: Listening on systemd-coredump.socket - Process Core Dump Socket.[0m
[0;21;39msystemd[1]: Listening on systemd-creds.socket - Credential Encryption/Decryption.[0m
[[0;32m  OK  [0m] Listening on [0;1;39msystemd-creds.socket[0m - Credential Encryption/Decryption.
[[0;32m  OK  [0m] Listening on [0;1;39msystemd-factory-reset.socket[0m - Factory Reset Management.
[0;21;39msystemd[1]: Listening on systemd-factory-reset.socket - Factory Reset Management.[0m
[[0;32m  OK  [0m] Listening on [0;1;39msystemd-journald-audit.socket[0m - Journal Audit Socket.
[0;21;39msystemd[1]: Listening on systemd-journald-audit.socket - Journal Audit Socket.[0m
[[0;32m  OK  [0m] Listening on [0;1;39msystemd-mountfsd.socket[0m - DDI File System Mounter Socket.
[0;21;39msystemd[1]: Listening on systemd-mountfsd.socket - DDI File System Mounter Socket.[0m
[[0;32m  OK  [0m] Listening on [0;1;39msystemd-mute-console.socket[0m - Console Output Muting Service Socket.
[0;21;39msystemd[1]: Listening on systemd-mute-console.socket - Console Output Muting Service Socket.[0m
[[0;32m  OK  [0m] Listening on [0;1;39msystemd-nsresourced.socket[0m - Namespace Resource Manager Socket.
[[0;32m  OK  [0m] Listening on [0;1;39msystemd-oomd.socket[0m - Userspace Out-Of-Memory (OOM) Killer Socket.
[0;21;39msystemd[1]: Listening on systemd-nsresourced.socket - Namespace Resource Manager Socket.[0m
[0;21;39msystemd[1]: Listening on systemd-oomd.socket - Userspace Out-Of-Memory (OOM) Killer Socket.[0m
[0;21;39msystemd[1]: systemd-pcrextend.socket - TPM PCR Measurements skipped, unmet condition check ConditionSecurity=measured-uki[0m
[0;21;39msystemd[1]: systemd-pcrlock.socket - Make TPM PCR Policy skipped, unmet condition check ConditionSecurity=measured-uki[0m
[[0;32m  OK  [0m] Listening on [0;1;39msystemd-repart.socket[0m - Disk Repartitioning Service Socket.
[[0;32m  OK  [0m] Listening on [0;1;39msystemd-resolved-monitor.socket[0m - Resolve Monitor Varlink Socket.
[[0;32m  OK  [0m] Listening on [0;1;39msystemd-resolved-varlink.socket[0m - Resolve Service Varlink Socket.
[0;21;39msystemd[1]: Listening on systemd-repart.socket - Disk Repartitioning Service Socket.[0m
[0;21;39msystemd[1]: Listening on systemd-resolved-monitor.socket - Resolve Monitor Varlink Socket.[0m
[0;21;39msystemd[1]: Listening on systemd-resolved-varlink.socket - Resolve Service Varlink Socket.[0m
[0;21;39msystemd[1]: Listening on systemd-udevd-control.socket - udev Control Socket.[0m
[[0;32m  OK  [0m] Listening on [0;1;39msystemd-udevd-control.socket[0m - udev Control Socket.
[[0;32m  OK  [0m] Listening on [0;1;39msystemd-udevd-varlink.socket[0m - udev Varlink Socket.
[[0;32m  OK  [0m] Listening on [0;1;39msystemd-userdbd.socket[0m - User Database Manager Socket.
[0;21;39msystemd[1]: Listening on systemd-udevd-varlink.socket - udev Varlink Socket.[0m
[0;21;39msystemd[1]: Listening on systemd-userdbd.socket - User Database Manager Socket.[0m
         Mounting [0;1;39mdev-hugepages.mount[0m - Huge Pages File System...
[0;21;39msystemd[1]: Mounting dev-hugepages.mount - Huge Pages File System...[0m
         Mounting [0;1;39mdev-mqueue.mount[0m - POSIX Message Queue File System...
[0;21;39msystemd[1]: Mounting dev-mqueue.mount - POSIX Message Queue File System...[0m
         Mounting [0;1;39msys-kernel-debug.mount[0m - Kernel Debug File System...
[0;21;39msystemd[1]: Mounting sys-kernel-debug.mount - Kernel Debug File System...[0m
         Mounting [0;1;39msys-kernel-tracing.mount[0m - Kernel Trace File System...
[0;21;39msystemd[1]: Mounting sys-kernel-tracing.mount - Kernel Trace File System...[0m
[0;21;39msystemd[1]: auth-rpcgss-module.service - Kernel Module supporting RPCSEC_GSS skipped, unmet condition check ConditionPathExists=/etc/krb5.keytab[0m
[0;21;39msystemd[1]: fips-crypto-policy-overlay.service - Bind-mount FIPS crypto-policy in FIPS mode skipped, unmet condition check ConditionKernelCommandLine=fips=1[0m
         Starting [0;1;39mkmod-static-nodes.service[0m - Create List of Static Device Nodes...
[0;21;39msystemd[1]: Starting kmod-static-nodes.service - Create List of Static Device Nodes...[0m
         Starting [0;1;39mlvm2-monitor.service[0m - Monitoring of LVM2 mirrors, snapshots etc. using dmeventd or progress polling...
[0;21;39msystemd[1]: Starting lvm2-monitor.service - Monitoring of LVM2 mirrors, snapshots etc. using dmeventd or progress polling...[0m
[0;21;39msystemd[1]: modprobe@configfs.service - Load Kernel Module configfs skipped, unmet condition check ConditionKernelModuleLoaded=!configfs[0m
[0;21;39msystemd[1]: modprobe@drm.service - Load Kernel Module drm skipped, unmet condition check ConditionKernelModuleLoaded=!drm[0m
[0;21;39msystemd[1]: modprobe@efi_pstore.service - Load Kernel Module efi_pstore skipped, unmet condition check ConditionKernelModuleLoaded=!efi_pstore[0m
[0;21;39msystemd[1]: modprobe@fuse.service - Load Kernel Module fuse skipped, unmet condition check ConditionKernelModuleLoaded=!fuse[0m
         Mounting [0;1;39msys-fs-fuse-connections.mount[0m - FUSE Control File System...
[[0;32m  OK  [0m] Stopped [0;1;39mostree-prepare-root.service[0m - OSTree Prepare OS/.
[0;21;39msystemd[1]: Mounting sys-fs-fuse-connections.mount - FUSE Control File System...[0m
[0;21;39msystemd[1]: ostree-prepare-root.service: Deactivated successfully.[0m
[0;21;39msystemd[1]: Stopped ostree-prepare-root.service - OSTree Prepare OS/.[0m
[[0;32m  OK  [0m] Stopped [0;1;39mplymouth-switch-root.service[0m - Plymouth switch root service.
[[0;32m  OK  [0m] Stopped [0;1;39msystemd-fsck-root.service[0m - File System Check on Root Device.
[0;21;39msystemd[1]: plymouth-switch-root.service: Deactivated successfully.[0m
[0;21;39msystemd[1]: Stopped plymouth-switch-root.service - Plymouth switch root service.[0m
[0;21;39msystemd[1]: systemd-boot-clear-sysfail.service - Clear SysFail Entry If The Boot Is Successful skipped, unmet condition check ConditionPathExists=/sys/firmware/efi/efivars/LoaderEntrySysFail-4a67b082-0a4c-41cf-b6c7-440b29bb8c4f[0m
[0;21;39msystemd[1]: systemd-fsck-root.service: Deactivated successfully.[0m
[0;21;39msystemd[1]: Stopped systemd-fsck-root.service - File System Check on Root Device.[0m
[0;21;39msystemd[1]: systemd-hibernate-clear.service - Clear Stale Hibernate Storage Info skipped, unmet condition check ConditionPathExists=/sys/firmware/efi/efivars/HibernateLocation-8cf2644b-4b0b-428f-9387-6d876050dc67[0m
         Starting [0;1;39msystemd-journald.service[0m - Journal Service...
[0;21;39msystemd[1]: Starting systemd-journald.service - Journal Service...[0m
         Starting [0;1;39msystemd-modules-load.service[0m - Load Kernel Modules...
[0;21;39msystemd[1]: Starting systemd-modules-load.service - Load Kernel Modules...[0m
         Starting [0;1;39msystemd-network-generator.service[0m - Generate Network Units from Kernel Command Line...
[0;21;39msystemd[1]: Starting systemd-network-generator.service - Generate Network Units from Kernel Command Line...[0m
[0;21;39msystemd[1]: systemd-pcrmachine.service - TPM PCR Machine ID Measurement skipped, unmet condition check ConditionSecurity=measured-uki[0m
         Starting [0;1;39msystemd-remount-fs.service[0m - Remount Root and Kernel File Systems...
[0;21;39msystemd[1]: Starting systemd-remount-fs.service - Remount Root and Kernel File Systems...[0m
[0;21;39msystemd[1]: systemd-tpm2-setup-early.service - Early TPM SRK Setup skipped, unmet condition check ConditionSecurity=measured-uki[0m
         Starting [0;1;39msystemd-udev-load-credentials.service[0m - Load udev Rules from Credentials...
[0;21;39msystemd[1]: Starting systemd-udev-load-credentials.service - Load udev Rules from Credentials...[0m
         Starting [0;1;39msystemd-udev-trigger.service[0m - Coldplug All udev Devices...
[0;21;39msystemd[1]: Starting systemd-udev-trigger.service - Coldplug All udev Devices...[0m
[0;21;39msystemd[1]: Mounted dev-hugepages.mount - Huge Pages File System.[0m
[[0;32m  OK  [0m] Mounted [0;1;39mdev-hugepages.mount[0m - Huge Pages File System.
[[0;32m  OK  [0m] Mounted [0;1;39mdev-mqueue.mount[0m - POSIX Message Queue File System.
[[0;32m  OK  [0m] Mounted [0;1;39msys-kernel-debug.mount[0m - Kernel Debug File System.
[[0;32m  OK  [0m] Mounted [0;1;39msys-kernel-tracing.mount[0m - Kernel Trace File System.
[0;21;39msystemd[1]: Mounted dev-mqueue.mount - POSIX Message Queue File System.[0m
[[0;32m  OK  [0m] Finished [0;1;39mkmod-static-nodes.service[0m - Create List of Static Device Nodes.
[[0;32m  OK  [0m] Finished [0;1;39mlvm2-monitor.service[0m - Monitoring of LVM2 mirrors, snapshots etc. using dmeventd or progress polling.
[[0;32m  OK  [0m] Mounted [0;1;39msys-fs-fuse-connections.mount[0m - FUSE Control File System.
[0;21;39msystemd[1]: Mounted sys-kernel-debug.mount - Kernel Debug File System.[0m
[0;21;39msystemd[1]: Mounted sys-kernel-tracing.mount - Kernel Trace File System.[0m
[0;21;39msystemd[1]: Finished kmod-static-nodes.service - Create List of Static Device Nodes.[0m
[0;21;39msystemd[1]: Finished lvm2-monitor.service - Monitoring of LVM2 mirrors, snapshots etc. using dmeventd or progress polling.[0m
[0;21;39msystemd[1]: Mounted sys-fs-fuse-connections.mount - FUSE Control File System.[0m
         Starting [0;1;39msystemd-tmpfiles-setup-dev-early.service[0m - Create Static Device Nodes in /dev gracefully...
[0;21;39msystemd[1]: Starting systemd-tmpfiles-setup-dev-early.service - Create Static Device Nodes in /dev gracefully...[0m
[0;21;39msystemd[1]: Finished systemd-modules-load.service - Load Kernel Modules.[0m
[[0;32m  OK  [0m] Finished [0;1;39msystemd-modules-load.service[0m - Load Kernel Modules.
[0;21;39msystemd-journald[562]: Collecting audit messages is enabled.[0m
[0;21;39msystemd[1]: Finished systemd-remount-fs.service - Remount Root and Kernel File Systems.[0m
[[0;32m  OK  [0m] Finished [0;1;39msystemd-remount-fs.service[0m - Remount Root and Kernel File Systems.
[0;21;32maudit: type=1130 audit(1781496411.496:4): pid=1 uid=0 auid=4294967295 ses=4294967295 subj=system_u:system_r:init_t:s0 msg='unit=systemd-remount-fs comm="systemd" exe="/usr/lib/systemd/systemd" hostname=? addr=? terminal=? res=success'[0m
[0;21;39msystemd[1]: Finished systemd-udev-load-credentials.service - Load udev Rules from Credentials.[0m
[[0;32m  OK  [0m] Finished [0;1;39msystemd-udev-load-credentials.service[0m - Load udev Rules from Credentials.
[0;21;32maudit: type=1130 audit(1781496411.499:5): pid=1 uid=0 auid=4294967295 ses=4294967295 subj=system_u:system_r:init_t:s0 msg='unit=systemd-udev-load-credentials comm="systemd" exe="/usr/lib/systemd/systemd" hostname=? addr=? terminal=? res=success'[0m
         Starting [0;1;39msystemd-hwdb-update.service[0m - Rebuild Hardware Database...
[0;21;39msystemd[1]: Starting systemd-hwdb-update.service - Rebuild Hardware Database...[0m
         Starting [0;1;39msystemd-sysctl.service[0m - Apply Kernel Variables...
[0;21;39msystemd[1]: Starting systemd-sysctl.service - Apply Kernel Variables...[0m
[[0;32m  OK  [0m] Finished [0;1;39msystemd-network-generator.service[0m - Generate Network Units from Kernel Command Line.
[[0;32m  OK  [0m] Started [0;1;39msystemd-journald.service[0m - Journal Service.
[0;21;39msystemd[1]: Finished systemd-network-generator.service - Generate Network Units from Kernel Command Line.[0m
[0;21;39msystemd[1]: Started systemd-journald.service - Journal Service.[0m
[0;21;32maudit: type=1130 audit(1781496411.513:6): pid=1 uid=0 auid=4294967295 ses=4294967295 subj=system_u:system_r:init_t:s0 msg='unit=systemd-network-generator comm="systemd" exe="/usr/lib/systemd/systemd" hostname=? addr=? terminal=? res=success'[0m
[0;21;32maudit: type=1130 audit(1781496411.514:7): pid=1 uid=0 auid=4294967295 ses=4294967295 subj=system_u:system_r:init_t:s0 msg='unit=systemd-journald comm="systemd" exe="/usr/lib/systemd/systemd" hostname=? addr=? terminal=? res=success'[0m
[0;21;32maudit: type=1334 audit(1781496411.540:8): prog-id=48 op=LOAD[0m
         Starting [0;1;39mmodprobe@tun.service[0m - Load Kernel Module tun...
[0;21;32maudit: type=1334 audit(1781496411.540:9): prog-id=49 op=LOAD[0m
[0;21;32maudit: type=1334 audit(1781496411.540:10): prog-id=50 op=LOAD[0m
         Starting [0;1;39msystemd-userdbd.service[0m - User Database Manager...
[[0;32m  OK  [0m] Finished [0;1;39msystemd-sysctl.service[0m - Apply Kernel Variables.
[0;21;39mtun: Universal TUN/TAP device driver, 1.6[0m
[[0;32m  OK  [0m] Finished [0;1;39mmodprobe@tun.service[0m - Load Kernel Module tun.
         Starting [0;1;39msystemd-nsresourced.service[0m - Namespace Resource Manager...
[[0;32m  OK  [0m] Finished [0;1;39msystemd-udev-trigger.service[0m - Coldplug All udev Devices.
[[0;32m  OK  [0m] Started [0;1;39msystemd-userdbd.service[0m - User Database Manager.
[[0;32m  OK  [0m] Started [0;1;39msystemd-nsresourced.service[0m - Namespace Resource Manager.
[[0;32m  OK  [0m] Finished [0;1;39msystemd-tmpfiles-setup-dev-early.service[0m - Create Static Device Nodes in /dev gracefully.
         Starting [0;1;39msystemd-sysusers.service[0m - Create System Users...
[[0;32m  OK  [0m] Finished [0;1;39msystemd-sysusers.service[0m - Create System Users.
         Starting [0;1;39msystemd-resolved.service[0m - Network Name Resolution...
         Starting [0;1;39msystemd-tmpfiles-setup-dev.service[0m - Create Static Device Nodes in /dev...
[[0;32m  OK  [0m] Finished [0;1;39msystemd-tmpfiles-setup-dev.service[0m - Create Static Device Nodes in /dev.
[[0;32m  OK  [0m] Reached target [0;1;39mlocal-fs-pre.target[0m - Preparation for Local File Systems.
[[0;32m  OK  [0m] Started [0;1;39msystemd-resolved.service[0m - Network Name Resolution.
[[0;32m  OK  [0m] Reached target [0;1;39mnss-lookup.target[0m - Host and Network Name Lookups.
[[0;32m  OK  [0m] Finished [0;1;39msystemd-hwdb-update.service[0m - Rebuild Hardware Database.
         Starting [0;1;39msystemd-udevd.service[0m - Rule-based Manager for Device Events and Files...
[[0;32m  OK  [0m] Started [0;1;39msystemd-udevd.service[0m - Rule-based Manager for Device Events and Files.
[[0;32m  OK  [0m] Found device [0;1;39mdev-zram0.device[0m - /dev/zram0.
         Starting [0;1;39msystemd-zram-setup@zram0.service[0m - Create swap on /dev/zram0...
[0;21;39mzram0: detected capacity change from 0 to 7979008[0m
[[0;32m  OK  [0m] Finished [0;1;39msystemd-zram-setup@zram0.service[0m - Create swap on /dev/zram0.
         Activating swap [0;1;39mdev-zram0.swap[0m - Compressed Swap on /dev/zram0...
[0;21;39mAdding 3989500k swap on /dev/zram0.  Priority:100 extents:1 across:3989500k SSDsc[0m
[[0;32m  OK  [0m] Activated swap [0;1;39mdev-zram0.swap[0m - Compressed Swap on /dev/zram0.
[[0;32m  OK  [0m] Reached target [0;1;39mswap.target[0m - Swaps.
         Starting [0;1;39msystemd-oomd.service[0m - Userspace Out-Of-Memory (OOM) Killer...
[[0;32m  OK  [0m] Started [0;1;39msystemd-oomd.service[0m - Userspace Out-Of-Memory (OOM) Killer.
         Mounting [0;1;39mboot.mount[0m - /boot...
         Mounting [0;1;39mtmp.mount[0m - Temporary Directory /tmp...
         Mounting [0;1;39mvar.mount[0m - /var...
[[0;32m  OK  [0m] Mounted [0;1;39mtmp.mount[0m - Temporary Directory /tmp.
[[0;32m  OK  [0m] Mounted [0;1;39mboot.mount[0m - /boot.
[[0;32m  OK  [0m] Mounted [0;1;39mvar.mount[0m - /var.
[[0;32m  OK  [0m] Reached target [0;1;39mmachines.target[0m - Virtual Machines and Containers.
[[0;32m  OK  [0m] Listening on [0;1;39msystemd-importd.socket[0m - Disk Image Download Service Socket.
         Starting [0;1;39mostree-remount.service[0m - OSTree Remount OS/ Bind Mounts...
[[0;32m  OK  [0m] Reached target [0;1;39mcryptsetup.target[0m - Local Encrypted Volumes.
[[0;32m  OK  [0m] Finished [0;1;39mostree-remount.service[0m - OSTree Remount OS/ Bind Mounts.
[[0;32m  OK  [0m] Reached target [0;1;39mlocal-fs.target[0m - Local File Systems.
[[0;32m  OK  [0m] Listening on [0;1;39msystemd-bootctl.socket[0m - Boot Entries Service Socket.
[[0;32m  OK  [0m] Listening on [0;1;39msystemd-sysext.socket[0m - System Extension Image Management.
         Starting [0;1;39mplymouth-read-write.service[0m - Tell Plymouth To Write Out Runtime Data...
         Starting [0;1;39msystemd-binfmt.service[0m - Set Up Additional Binary Formats...
         Starting [0;1;39msystemd-journal-flush.service[0m - Flush Journal to Persistent Storage...
         Starting [0;1;39msystemd-random-seed.service[0m - Load/Save OS Random Seed...
         Starting [0;1;39msystemd-userdb-load-credentials.service[0m - Load JSON user/group Records from Credentials...
         Mounting [0;1;39mproc-sys-fs-binfmt_misc.mount[0m - Arbitrary Executable File Formats File System...
[0;21;39msystemd-journald[562]: Received client request to flush runtime journal.[0m
[0;21;32msystemd-journald[562]: Creating journal file /var/log/journal/4bea9967d3094c22931caabcf6a2f32f/system.journal on a btrfs file system, and copy-on-write is enabled. This is likely to slow down journal access substantially, please consider turning off the copy-on-write file attribute on the journal directory, using chattr +C.[0m
[[0;32m  OK  [0m] Finished [0;1;39mplymouth-read-write.service[0m - Tell Plymouth To Write Out Runtime Data.
[[0;32m  OK  [0m] Finished [0;1;39msystemd-random-seed.service[0m - Load/Save OS Random Seed.
[[0;32m  OK  [0m] Finished [0;1;39msystemd-userdb-load-credentials.service[0m - Load JSON user/group Records from Credentials.
[[0;32m  OK  [0m] Mounted [0;1;39mproc-sys-fs-binfmt_misc.mount[0m - Arbitrary Executable File Formats File System.
[[0;32m  OK  [0m] Finished [0;1;39msystemd-binfmt.service[0m - Set Up Additional Binary Formats.
[[0;32m  OK  [0m] Finished [0;1;39msystemd-journal-flush.service[0m - Flush Journal to Persistent Storage.
         Starting [0;1;39msystemd-tmpfiles-setup.service[0m - Create System Files and Directories...
[0;21;32mlpc_ich 0000:00:1f.0: I/O space for GPIO uninitialized[0m
[[0;32m  OK  [0m] Finished [0;1;39msystemd-tmpfiles-setup.service[0m - Create System Files and Directories.
         Starting [0;1;39mauditd.service[0m - Security Audit Logging Service...
         Starting [0;1;39mldconfig.service[0m - Rebuild Dynamic Linker Cache...
         Starting [0;1;39msystemd-journal-catalog-update.service[0m - Rebuild Journal Catalog...
[[0;32m  OK  [0m] Started [0;1;39mauditd.service[0m - Security Audit Logging Service.
         Starting [0;1;39maudit-rules.service[0m - Load Audit Rules...
         Starting [0;1;39msystemd-update-utmp.service[0m - Record System Boot/Shutdown in UTMP...
[[0;32m  OK  [0m] Finished [0;1;39msystemd-journal-catalog-update.service[0m - Rebuild Journal Catalog.
[[0;32m  OK  [0m] Finished [0;1;39msystemd-update-utmp.service[0m - Record System Boot/Shutdown in UTMP.
[0;21;39minput: PC Speaker as /devices/platform/pcspkr/input/input5[0m
[[0;32m  OK  [0m] Finished [0;1;39maudit-rules.service[0m - Load Audit Rules.
[0;21;39mparport_pc 00:02: reported by Plug and Play ACPI[0m
[0;21;39mparport0: PC-style at 0x378, irq 7 [PCSPP,TRISTATE][0m
[0;21;39mRAPL PMU: API unit is 2^-32 Joules, 0 fixed counters, 10737418240 ms ovfl timer[0m
[0;21;39mi801_smbus 0000:00:1f.3: Enabling SMBus device[0m
[0;21;39mi801_smbus 0000:00:1f.3: SMBus using PCI interrupt[0m
[0;21;39mi2c i2c-0: Memory type 0x07 not supported yet, not instantiating SPD[0m
[[0;32m  OK  [0m] Stopped [0;1;39msystemd-vconsole-setup.service[0m - Virtual Console Setup.
         Stopping [0;1;39msystemd-vconsole-setup.service[0m - Virtual Console Setup...
         Starting [0;1;39msystemd-vconsole-setup.service[0m - Virtual Console Setup...
[[0;32m  OK  [0m] Stopped [0;1;39msystemd-vconsole-setup.service[0m - Virtual Console Setup.
         Starting [0;1;39msystemd-vconsole-setup.service[0m - Virtual Console Setup...
[0;21;39mvirtio_net virtio0 enp0s2: renamed from eth0[0m
[0;21;39miTCO_wdt iTCO_wdt.1.auto: Found a ICH9 TCO device (Version=2, TCOBASE=0x0660)[0m
[0;21;39miTCO_wdt iTCO_wdt.1.auto: initialized. heartbeat=30 sec (nowayout=0)[0m
[0;21;39mppdev: user-space parallel port driver[0m
[[0;32m  OK  [0m] Finished [0;1;39msystemd-vconsole-setup.service[0m - Virtual Console Setup.
         Mounting [0;1;39mvar-lib-nfs-rpc_pipefs.mount[0m - RPC Pipe File System...
[0;21;39mintel_rapl_msr: PL4 support detected.[0m
[0;21;39mRPC: Registered named UNIX socket transport module.[0m
[0;21;39mRPC: Registered udp transport module.[0m
[0;21;39mRPC: Registered tcp transport module.[0m
[0;21;39mRPC: Registered tcp-with-tls transport module.[0m
[0;21;39mRPC: Registered tcp NFSv4.1 backchannel transport module.[0m
[[0;32m  OK  [0m] Mounted [0;1;39mvar-lib-nfs-rpc_pipefs.mount[0m - RPC Pipe File System.
[[0;32m  OK  [0m] Reached target [0;1;39mrpc_pipefs.target[0m.
[[0;32m  OK  [0m] Finished [0;1;39mldconfig.service[0m - Rebuild Dynamic Linker Cache.
         Starting [0;1;39msystemd-update-done.service[0m - Update is Completed...
[[0;32m  OK  [0m] Finished [0;1;39msystemd-update-done.service[0m - Update is Completed.
[[0;32m  OK  [0m] Reached target [0;1;39msysinit.target[0m - System Initialization.
[[0;32m  OK  [0m] Started [0;1;39mbootc-status-updated.path[0m - Monitor bootc for status changes.
[[0;32m  OK  [0m] Started [0;1;39mcups.path[0m - CUPS Scheduler.
[[0;32m  OK  [0m] Started [0;1;39mlvm-devices-import.path[0m - lvm-devices-import to create system.devices.
[[0;32m  OK  [0m] Started [0;1;39mbluefin-stats-refresh.timer[0m - Periodically refresh Bluefin community stats for fastfetch.
[[0;32m  OK  [0m] Started [0;1;39mfstrim.timer[0m - Discard unused filesystem blocks once a week.
[[0;32m  OK  [0m] Started [0;1;39mlogrotate.timer[0m - Daily rotation of log files.
[[0;32m  OK  [0m] Started [0;1;39mraid-check.timer[0m - Weekly RAID setup health check.
[[0;32m  OK  [0m] Started [0;1;39mrpm-ostree-countme.timer[0m - Weekly rpm-ostree Count Me timer.
[[0;32m  OK  [0m] Started [0;1;39msystemd-tmpfiles-clean.timer[0m - Daily Cleanup of Temporary Directories.
[[0;32m  OK  [0m] Started [0;1;39munbound-anchor.timer[0m - daily update of the root trust anchor for DNSSEC.
[[0;32m  OK  [0m] Started [0;1;39muupd.timer[0m - Auto Update System Timer For Universal Blue.
[[0;32m  OK  [0m] Reached target [0;1;39mbootc-status-updated-onboot.target[0m - Bootc status trigger state sync.
[[0;32m  OK  [0m] Reached target [0;1;39mpaths.target[0m - Path Units.
[[0;32m  OK  [0m] Reached target [0;1;39mtimers.target[0m - Timer Units.
[[0;32m  OK  [0m] Listening on [0;1;39mavahi-daemon.socket[0m - Avahi mDNS/DNS-SD Stack Activation Socket.
[[0;32m  OK  [0m] Listening on [0;1;39mcups.socket[0m - CUPS Scheduler.
[[0;32m  OK  [0m] Listening on [0;1;39mdbus.socket[0m - D-Bus System Message Bus Socket.
[[0;32m  OK  [0m] Listening on [0;1;39me2e-sshd.socket[0m - E2E SSH TCP Socket (port 22).
         Starting [0;1;39mpcscd.socket[0m - PC/SC Smart Card Daemon Activation Socket...
[[0;32m  OK  [0m] Listening on [0;1;39msshd-unix-local.socket[0m - OpenSSH Server Socket (systemd-ssh-generator, AF_UNIX Local).
         Starting [0;1;39msshd-vsock.socket[0m - OpenSSH Server Socket (systemd-ssh-generator, AF_VSOCK)...
[[0;32m  OK  [0m] Listening on [0;1;39msssd-kcm.socket[0m - SSSD Kerberos Cache Manager responder socket.
[[0;32m  OK  [0m] Listening on [0;1;39msystemd-hostnamed.socket[0m - Hostname Service Socket.
[[0;32m  OK  [0m] Listening on [0;1;39msystemd-logind-varlink.socket[0m - User Login Management Varlink Socket.
[[0;32m  OK  [0m] Listening on [0;1;39msystemd-machined.socket[0m - Virtual Machine and Container Registration Service Socket.
         Starting [0;1;39mdbus-broker.service[0m - D-Bus System Message Bus...
[[0;32m  OK  [0m] Listening on [0;1;39mpcscd.socket[0m - PC/SC Smart Card Daemon Activation Socket.
[[0;32m  OK  [0m] Listening on [0;1;39msshd-vsock.socket[0m - OpenSSH Server Socket (systemd-ssh-generator, AF_VSOCK).
[[0;32m  OK  [0m] Reached target [0;1;39msockets.target[0m - Socket Units.
[[0;32m  OK  [0m] Reached target [0;1;39mssh-access.target[0m - SSH Access Available.
[[0;32m  OK  [0m] Started [0;1;39mdbus-broker.service[0m - D-Bus System Message Bus.
[[0;32m  OK  [0m] Reached target [0;1;39mbasic.target[0m - Basic System.
         Starting [0;1;39mauthselect-apply-changes.service[0m - Apply authselect changes...
         Starting [0;1;39mavahi-daemon.service[0m - Avahi mDNS/DNS-SD Stack...
         Starting [0;1;39mbootc-unified-storage.service[0m - Enable bootc unified storage (experimental)...
         Starting [0;1;39mbootloader-update.service[0m - Update bootloader on boot...
         Starting [0;1;39mbrew-setup.service[0m - Setup Brew...
         Starting [0;1;39mchronyd.service[0m - NTP client/server...
         Starting [0;1;39mdconf-update.service[0m - Update the dconf database onboot...
         Starting [0;1;39mdracut-shutdown.service[0m - Restore /run/initramfs on shutdown...
         Starting [0;1;39mflatpak-nuke-fedora.service[0m - Remove Fedora flatpak repositories...
         Starting [0;1;39minput-remapper.service[0m - Service to inject keycodes without the GUI application...
         Starting [0;1;39mlm_sensors.service[0m - Hardware Monitoring Sensors...
         Starting [0;1;39mlvm-devices-import.service[0m - Create lvm system.devices...
[[0;32m  OK  [0m] Started [0;1;39mmcelog.service[0m - Machine Check Exception Logging Daemon.
         Starting [0;1;39mpolkit.service[0m - Authorization Manager...
         Starting [0;1;39mrpm-ostree-fix-shadow-mode.service[0m - Update permissions for /etc/shadow...
         Starting [0;1;39mrtkit-daemon.service[0m - RealtimeKit Scheduling Policy Service...
         Starting [0;1;39mssh-host-keys-migration.service[0m - Update OpenSSH host key permissions...
